Archive member included to satisfy reference by file (symbol)

d:/programs/truestudio for stm32 9.0.0/armtools/bin/../lib/gcc/arm-atollic-eabi/6.3.1/../../../../arm-atollic-eabi/lib/armv6-m\libc_nano.a(lib_a-init.o)
                              startup\startup_stm32f051x8.o (__libc_init_array)
d:/programs/truestudio for stm32 9.0.0/armtools/bin/../lib/gcc/arm-atollic-eabi/6.3.1/../../../../arm-atollic-eabi/lib/armv6-m\libc_nano.a(lib_a-memcpy-stub.o)
                              Src\commands.o (memcpy)
d:/programs/truestudio for stm32 9.0.0/armtools/bin/../lib/gcc/arm-atollic-eabi/6.3.1/../../../../arm-atollic-eabi/lib/armv6-m\libc_nano.a(lib_a-memset.o)
                              Src\peripheral_drivers.o (memset)
d:/programs/truestudio for stm32 9.0.0/armtools/bin/../lib/gcc/arm-atollic-eabi/6.3.1/../../../../arm-atollic-eabi/lib/armv6-m\libm.a(lib_a-s_round.o)
                              Src\peripheral_drivers.o (round)
d:/programs/truestudio for stm32 9.0.0/armtools/bin/../lib/gcc/arm-atollic-eabi/6.3.1/armv6-m\libgcc.a(_udivsi3.o)
                              Drivers\STM32F0xx_HAL_Driver\Src\stm32f0xx_hal.o (__aeabi_uidiv)
d:/programs/truestudio for stm32 9.0.0/armtools/bin/../lib/gcc/arm-atollic-eabi/6.3.1/armv6-m\libgcc.a(_dvmd_tls.o)
                              d:/programs/truestudio for stm32 9.0.0/armtools/bin/../lib/gcc/arm-atollic-eabi/6.3.1/armv6-m\libgcc.a(_udivsi3.o) (__aeabi_idiv0)
d:/programs/truestudio for stm32 9.0.0/armtools/bin/../lib/gcc/arm-atollic-eabi/6.3.1/armv6-m\libgcc.a(_arm_cmpdf2.o)
                              Src\peripheral_drivers.o (__aeabi_dcmplt)
d:/programs/truestudio for stm32 9.0.0/armtools/bin/../lib/gcc/arm-atollic-eabi/6.3.1/armv6-m\libgcc.a(_muldi3.o)
                              Src\MS5837-30BADriver.o (__aeabi_lmul)
d:/programs/truestudio for stm32 9.0.0/armtools/bin/../lib/gcc/arm-atollic-eabi/6.3.1/armv6-m\libgcc.a(_fixunsdfsi.o)
                              Src\peripheral_drivers.o (__aeabi_d2uiz)
d:/programs/truestudio for stm32 9.0.0/armtools/bin/../lib/gcc/arm-atollic-eabi/6.3.1/armv6-m\libgcc.a(_fixsfdi.o)
                              Src\MS5837-30BADriver.o (__aeabi_f2lz)
d:/programs/truestudio for stm32 9.0.0/armtools/bin/../lib/gcc/arm-atollic-eabi/6.3.1/armv6-m\libgcc.a(_fixunssfdi.o)
                              d:/programs/truestudio for stm32 9.0.0/armtools/bin/../lib/gcc/arm-atollic-eabi/6.3.1/armv6-m\libgcc.a(_fixsfdi.o) (__aeabi_f2ulz)
d:/programs/truestudio for stm32 9.0.0/armtools/bin/../lib/gcc/arm-atollic-eabi/6.3.1/armv6-m\libgcc.a(_floatdisf.o)
                              Src\MS5837-30BADriver.o (__aeabi_l2f)
d:/programs/truestudio for stm32 9.0.0/armtools/bin/../lib/gcc/arm-atollic-eabi/6.3.1/armv6-m\libgcc.a(divsf3.o)
                              Src\MS5837-30BADriver.o (__aeabi_fdiv)
d:/programs/truestudio for stm32 9.0.0/armtools/bin/../lib/gcc/arm-atollic-eabi/6.3.1/armv6-m\libgcc.a(mulsf3.o)
                              Src\MS5837-30BADriver.o (__aeabi_fmul)
d:/programs/truestudio for stm32 9.0.0/armtools/bin/../lib/gcc/arm-atollic-eabi/6.3.1/armv6-m\libgcc.a(subsf3.o)
                              Src\MS5837-30BADriver.o (__aeabi_fsub)
d:/programs/truestudio for stm32 9.0.0/armtools/bin/../lib/gcc/arm-atollic-eabi/6.3.1/armv6-m\libgcc.a(fixsfsi.o)
                              Src\MS5837-30BADriver.o (__aeabi_f2iz)
d:/programs/truestudio for stm32 9.0.0/armtools/bin/../lib/gcc/arm-atollic-eabi/6.3.1/armv6-m\libgcc.a(floatsisf.o)
                              Src\MS5837-30BADriver.o (__aeabi_i2f)
d:/programs/truestudio for stm32 9.0.0/armtools/bin/../lib/gcc/arm-atollic-eabi/6.3.1/armv6-m\libgcc.a(floatunsisf.o)
                              Src\MS5837-30BADriver.o (__aeabi_ui2f)
d:/programs/truestudio for stm32 9.0.0/armtools/bin/../lib/gcc/arm-atollic-eabi/6.3.1/armv6-m\libgcc.a(adddf3.o)
                              Src\peripheral_drivers.o (__aeabi_dadd)
d:/programs/truestudio for stm32 9.0.0/armtools/bin/../lib/gcc/arm-atollic-eabi/6.3.1/armv6-m\libgcc.a(eqdf2.o)
                              d:/programs/truestudio for stm32 9.0.0/armtools/bin/../lib/gcc/arm-atollic-eabi/6.3.1/armv6-m\libgcc.a(_arm_cmpdf2.o) (__eqdf2)
d:/programs/truestudio for stm32 9.0.0/armtools/bin/../lib/gcc/arm-atollic-eabi/6.3.1/armv6-m\libgcc.a(gedf2.o)
                              d:/programs/truestudio for stm32 9.0.0/armtools/bin/../lib/gcc/arm-atollic-eabi/6.3.1/armv6-m\libgcc.a(_arm_cmpdf2.o) (__gedf2)
d:/programs/truestudio for stm32 9.0.0/armtools/bin/../lib/gcc/arm-atollic-eabi/6.3.1/armv6-m\libgcc.a(ledf2.o)
                              d:/programs/truestudio for stm32 9.0.0/armtools/bin/../lib/gcc/arm-atollic-eabi/6.3.1/armv6-m\libgcc.a(_arm_cmpdf2.o) (__ledf2)
d:/programs/truestudio for stm32 9.0.0/armtools/bin/../lib/gcc/arm-atollic-eabi/6.3.1/armv6-m\libgcc.a(muldf3.o)
                              Src\peripheral_drivers.o (__aeabi_dmul)
[...]
Memory Configuration

Name             Origin             Length             Attributes
RAM              0x20000000         0x00002000         xrw
FLASH            0x08000000         0x0000f800         xr
DATA             0x0800f800         0x00000800         xrw
*default*        0x00000000         0xffffffff

Linker script and memory map

LOAD d:/programs/truestudio for stm32 9.0.0/armtools/bin/../lib/gcc/arm-atollic-eabi/6.3.1/armv6-m/crti.o
LOAD d:/programs/truestudio for stm32 9.0.0/armtools/bin/../lib/gcc/arm-atollic-eabi/6.3.1/armv6-m/crtbegin.o
LOAD Drivers\STM32F0xx_HAL_Driver\Src\stm32f0xx_hal.o
LOAD Drivers\STM32F0xx_HAL_Driver\Src\stm32f0xx_hal_cortex.o
LOAD Drivers\STM32F0xx_HAL_Driver\Src\stm32f0xx_hal_dma.o
LOAD Drivers\STM32F0xx_HAL_Driver\Src\stm32f0xx_hal_flash.o
LOAD Drivers\STM32F0xx_HAL_Driver\Src\stm32f0xx_hal_flash_ex.o
LOAD Drivers\STM32F0xx_HAL_Driver\Src\stm32f0xx_hal_gpio.o
LOAD Drivers\STM32F0xx_HAL_Driver\Src\stm32f0xx_hal_i2c.o
LOAD Drivers\STM32F0xx_HAL_Driver\Src\stm32f0xx_hal_i2c_ex.o
LOAD Drivers\STM32F0xx_HAL_Driver\Src\stm32f0xx_hal_iwdg.o
LOAD Drivers\STM32F0xx_HAL_Driver\Src\stm32f0xx_hal_pwr.o
LOAD Drivers\STM32F0xx_HAL_Driver\Src\stm32f0xx_hal_pwr_ex.o
LOAD Drivers\STM32F0xx_HAL_Driver\Src\stm32f0xx_hal_rcc.o
LOAD Drivers\STM32F0xx_HAL_Driver\Src\stm32f0xx_hal_rcc_ex.o
LOAD Drivers\STM32F0xx_HAL_Driver\Src\stm32f0xx_hal_tim.o
LOAD Drivers\STM32F0xx_HAL_Driver\Src\stm32f0xx_hal_tim_ex.o
LOAD Drivers\STM32F0xx_HAL_Driver\Src\stm32f0xx_hal_uart.o
LOAD Drivers\STM32F0xx_HAL_Driver\Src\stm32f0xx_hal_uart_ex.o
LOAD Src\MS5837-30BADriver.o
LOAD Src\command_messaging.o
LOAD Src\commands.o
LOAD Src\crc16.o
LOAD Src\dma.o
LOAD Src\gpio.o
LOAD Src\i2c.o
LOAD Src\iwdg.o
LOAD Src\main.o
LOAD Src\modbus.o
LOAD Src\peripheral_drivers.o
LOAD Src\settings.o
LOAD Src\stm32f0xx_hal_msp.o
LOAD Src\stm32f0xx_it.o
LOAD Src\system_stm32f0xx.o
LOAD Src\tim.o
LOAD Src\usart.o
LOAD startup\startup_stm32f051x8.o
                0x00000080                malloc_getpagesize_P = 0x80
START GROUP
LOAD d:/programs/truestudio for stm32 9.0.0/armtools/bin/../lib/gcc/arm-atollic-eabi/6.3.1/../../../../arm-atollic-eabi/lib/armv6-m\libc_nano.a
LOAD d:/programs/truestudio for stm32 9.0.0/armtools/bin/../lib/gcc/arm-atollic-eabi/6.3.1/../../../../arm-atollic-eabi/lib/armv6-m\libm.a
END GROUP
START GROUP
LOAD d:/programs/truestudio for stm32 9.0.0/armtools/bin/../lib/gcc/arm-atollic-eabi/6.3.1/armv6-m\libgcc.a
LOAD d:/programs/truestudio for stm32 9.0.0/armtools/bin/../lib/gcc/arm-atollic-eabi/6.3.1/../../../../arm-atollic-eabi/lib/armv6-m\libc_nano.a
END GROUP
START GROUP
LOAD d:/programs/truestudio for stm32 9.0.0/armtools/bin/../lib/gcc/arm-atollic-eabi/6.3.1/armv6-m\libgcc.a
LOAD d:/programs/truestudio for stm32 9.0.0/armtools/bin/../lib/gcc/arm-atollic-eabi/6.3.1/../../../../arm-atollic-eabi/lib/armv6-m\libc_nano.a
LOAD d:/programs/truestudio for stm32 9.0.0/armtools/bin/../lib/gcc/arm-atollic-eabi/6.3.1/../../../../arm-atollic-eabi/lib/armv6-m\libnosys.a
END GROUP
START GROUP
LOAD d:/programs/truestudio for stm32 9.0.0/armtools/bin/../lib/gcc/arm-atollic-eabi/6.3.1/armv6-m\libgcc.a
LOAD d:/programs/truestudio for stm32 9.0.0/armtools/bin/../lib/gcc/arm-atollic-eabi/6.3.1/../../../../arm-atollic-eabi/lib/armv6-m\libc_nano.a
LOAD d:/programs/truestudio for stm32 9.0.0/armtools/bin/../lib/gcc/arm-atollic-eabi/6.3.1/../../../../arm-atollic-eabi/lib/armv6-m\libnosys.a
END GROUP
LOAD d:/programs/truestudio for stm32 9.0.0/armtools/bin/../lib/gcc/arm-atollic-eabi/6.3.1/armv6-m/crtend.o
LOAD d:/programs/truestudio for stm32 9.0.0/armtools/bin/../lib/gcc/arm-atollic-eabi/6.3.1/armv6-m/crtn.o
                0x20002000                _estack = 0x20002000
                0x00000200                _Min_Heap_Size = 0x200
                0x00000400                _Min_Stack_Size = 0x400

.user_data      0x0800f800       0x50
                0x0800f800                . = ALIGN (0x4)
 *(.user_data)
 .user_data     0x0800f800       0x50 Src\settings.o
                0x0800f800                ParamsUnion
                0x0800f850                . = ALIGN (0x4)

.isr_vector     0x08000000       0xc0
                0x08000000                . = ALIGN (0x4)
 *(.isr_vector)
 .isr_vector    0x08000000       0xc0 startup\startup_stm32f051x8.o
                0x08000000                g_pfnVectors
                0x080000c0                . = ALIGN (0x4)

.text           0x080000c0     0xa610
                0x080000c0                . = ALIGN (0x4)
 *(.text)
 .text          0x080000c0       0x48 d:/programs/truestudio for stm32 9.0.0/armtools/bin/../lib/gcc/arm-atollic-eabi/6.3.1/armv6-m/crtbegin.o
 .text          0x08000108      0x114 d:/programs/truestudio for stm32 9.0.0/armtools/bin/../lib/gcc/arm-atollic-eabi/6.3.1/armv6-m\libgcc.a(_udivsi3.o)
                0x08000108                __aeabi_uidiv
                0x08000108                __udivsi3
                0x08000214                __aeabi_uidivmod
 .text          0x0800021c        0x4 d:/programs/truestudio for stm32 9.0.0/armtools/bin/../lib/gcc/arm-atollic-eabi/6.3.1/armv6-m\libgcc.a(_dvmd_tls.o)
                0x0800021c                __aeabi_idiv0
                0x0800021c                __aeabi_ldiv0
 .text          0x08000220       0x7c d:/programs/truestudio for stm32 9.0.0/armtools/bin/../lib/gcc/arm-atollic-eabi/6.3.1/armv6-m\libgcc.a(_arm_cmpdf2.o)
                0x08000220                __aeabi_cdrcmple
                0x08000230                __aeabi_cdcmple
                0x08000230                __aeabi_cdcmpeq
                0x08000240                __aeabi_dcmpeq
                0x0800024c                __aeabi_dcmplt
                0x08000260                __aeabi_dcmple
                0x08000274                __aeabi_dcmpgt
                0x08000288                __aeabi_dcmpge
 .text          0x0800029c       0x54 d:/programs/truestudio for stm32 9.0.0/armtools/bin/../lib/gcc/arm-atollic-eabi/6.3.1/armv6-m\libgcc.a(_muldi3.o)
                0x0800029c                __muldi3
                0x0800029c                __aeabi_lmul
 .text          0x080002f0       0x3c d:/programs/truestudio for stm32 9.0.0/armtools/bin/../lib/gcc/arm-atollic-eabi/6.3.1/armv6-m\libgcc.a(_fixunsdfsi.o)
                0x080002f0                __aeabi_d2uiz
                0x080002f0                __fixunsdfsi
 .text          0x0800032c       0x2c d:/programs/truestudio for stm32 9.0.0/armtools/bin/../lib/gcc/arm-atollic-eabi/6.3.1/armv6-m\libgcc.a(_fixsfdi.o)
                0x0800032c                __fixsfdi
                0x0800032c                __aeabi_f2lz
 .text          0x08000358       0x40 d:/programs/truestudio for stm32 9.0.0/armtools/bin/../lib/gcc/arm-atollic-eabi/6.3.1/armv6-m\libgcc.a(_fixunssfdi.o)
                0x08000358                __fixunssfdi
                0x08000358                __aeabi_f2ulz
 .text          0x08000398       0x64 d:/programs/truestudio for stm32 9.0.0/armtools/bin/../lib/gcc/arm-atollic-eabi/6.3.1/armv6-m\libgcc.a(_floatdisf.o)
                0x08000398                __aeabi_l2f
                0x08000398                __floatdisf
 .text          0x080003fc      0x290 d:/programs/truestudio for stm32 9.0.0/armtools/bin/../lib/gcc/arm-atollic-eabi/6.3.1/armv6-m\libgcc.a(divsf3.o)
                0x080003fc                __aeabi_fdiv
 .text          0x0800068c      0x240 d:/programs/truestudio for stm32 9.0.0/armtools/bin/../lib/gcc/arm-atollic-eabi/6.3.1/armv6-m\libgcc.a(mulsf3.o)
                0x0800068c                __aeabi_fmul
 .text          0x080008cc      0x338 d:/programs/truestudio for stm32 9.0.0/armtools/bin/../lib/gcc/arm-atollic-eabi/6.3.1/armv6-m\libgcc.a(subsf3.o)
                0x080008cc                __aeabi_fsub
 .text          0x08000c04       0x40 d:/programs/truestudio for stm32 9.0.0/armtools/bin/../lib/gcc/arm-atollic-eabi/6.3.1/armv6-m\libgcc.a(fixsfsi.o)
                0x08000c04                __aeabi_f2iz
 .text          0x08000c44       0xa0 d:/programs/truestudio for stm32 9.0.0/armtools/bin/../lib/gcc/arm-atollic-eabi/6.3.1/armv6-m\libgcc.a(floatsisf.o)
                0x08000c44                __aeabi_i2f
 .text          0x08000ce4       0x8c d:/programs/truestudio for stm32 9.0.0/armtools/bin/../lib/gcc/arm-atollic-eabi/6.3.1/armv6-m\libgcc.a(floatunsisf.o)
                0x08000ce4                __aeabi_ui2f
 .text          0x08000d70      0x620 d:/programs/truestudio for stm32 9.0.0/armtools/bin/../lib/gcc/arm-atollic-eabi/6.3.1/armv6-m\libgcc.a(adddf3.o)
                0x08000d70                __aeabi_dadd
 .text          0x08001390       0x74 d:/programs/truestudio for stm32 9.0.0/armtools/bin/../lib/gcc/arm-atollic-eabi/6.3.1/armv6-m\libgcc.a(eqdf2.o)
                0x08001390                __nedf2
                0x08001390                __eqdf2
 .text          0x08001404       0xc8 d:/programs/truestudio for stm32 9.0.0/armtools/bin/../lib/gcc/arm-atollic-eabi/6.3.1/armv6-m\libgcc.a(gedf2.o)
                0x08001404                __gedf2
                0x08001404                __gtdf2
 .text          0x080014cc       0xc4 d:/programs/truestudio for stm32 9.0.0/armtools/bin/../lib/gcc/arm-atollic-eabi/6.3.1/armv6-m\libgcc.a(ledf2.o)
                0x080014cc                __ledf2
                0x080014cc                __ltdf2
 .text          0x08001590      0x500 d:/programs/truestudio for stm32 9.0.0/armtools/bin/../lib/gcc/arm-atollic-eabi/6.3.1/armv6-m\libgcc.a(muldf3.o)
                0x08001590                __aeabi_dmul
 .text          0x08001a90      0x62c d:/programs/truestudio for stm32 9.0.0/armtools/bin/../lib/gcc/arm-atollic-eabi/6.3.1/armv6-m\libgcc.a(subdf3.o)
                0x08001a90                __aeabi_dsub
 .text          0x080020bc       0x68 d:/programs/truestudio for stm32 9.0.0/armtools/bin/../lib/gcc/arm-atollic-eabi/6.3.1/armv6-m\libgcc.a(fixdfsi.o)
                0x080020bc                __aeabi_d2iz
 .text          0x08002124       0x84 d:/programs/truestudio for stm32 9.0.0/armtools/bin/../lib/gcc/arm-atollic-eabi/6.3.1/armv6-m\libgcc.a(floatsidf.o)
                0x08002124                __aeabi_i2d
 .text          0x080021a8       0x70 d:/programs/truestudio for stm32 9.0.0/armtools/bin/../lib/gcc/arm-atollic-eabi/6.3.1/armv6-m\libgcc.a(floatunsidf.o)
                0x080021a8                __aeabi_ui2d
 .text          0x08002218       0xa4 d:/programs/truestudio for stm32 9.0.0/armtools/bin/../lib/gcc/arm-atollic-eabi/6.3.1/armv6-m\libgcc.a(extendsfdf2.o)
                0x08002218                __aeabi_f2d
 .text          0x080022bc      0x114 d:/programs/truestudio for stm32 9.0.0/armtools/bin/../lib/gcc/arm-atollic-eabi/6.3.1/armv6-m\libgcc.a(truncdfsf2.o)
                0x080022bc                __aeabi_d2f
 .text          0x080023d0       0x74 d:/programs/truestudio for stm32 9.0.0/armtools/bin/../lib/gcc/arm-atollic-eabi/6.3.1/armv6-m\libgcc.a(_arm_cmpsf2.o)
                0x080023d0                __aeabi_cfrcmple
                0x080023d8                __aeabi_cfcmpeq
                0x080023d8                __aeabi_cfcmple
                0x080023e8                __aeabi_fcmpeq
                0x080023f4                __aeabi_fcmplt
                0x08002408                __aeabi_fcmple
                0x0800241c                __aeabi_fcmpgt
                0x08002430                __aeabi_fcmpge
 .text          0x08002444       0x3c d:/programs/truestudio for stm32 9.0.0/armtools/bin/../lib/gcc/arm-atollic-eabi/6.3.1/armv6-m\libgcc.a(_clzsi2.o)
                0x08002444                __clzsi2
 .text          0x08002480       0x4c d:/programs/truestudio for stm32 9.0.0/armtools/bin/../lib/gcc/arm-atollic-eabi/6.3.1/armv6-m\libgcc.a(eqsf2.o)
                0x08002480                __eqsf2
                0x08002480                __nesf2
 .text          0x080024cc       0x80 d:/programs/truestudio for stm32 9.0.0/armtools/bin/../lib/gcc/arm-atollic-eabi/6.3.1/armv6-m\libgcc.a(gesf2.o)
                0x080024cc                __gesf2
                0x080024cc                __gtsf2
 .text          0x0800254c       0x84 d:/programs/truestudio for stm32 9.0.0/armtools/bin/../lib/gcc/arm-atollic-eabi/6.3.1/armv6-m\libgcc.a(lesf2.o)
                0x0800254c                __ltsf2
                0x0800254c                __lesf2
 *(.text*)
 .text.HAL_Init
                0x080025d0       0x28 Drivers\STM32F0xx_HAL_Driver\Src\stm32f0xx_hal.o
                0x080025d0                HAL_Init
 .text.HAL_InitTick
                0x080025f8       0x38 Drivers\STM32F0xx_HAL_Driver\Src\stm32f0xx_hal.o
                0x080025f8                HAL_InitTick
 .text.HAL_IncTick
                0x08002630       0x18 Drivers\STM32F0xx_HAL_Driver\Src\stm32f0xx_hal.o
                0x08002630                HAL_IncTick
 .text.HAL_GetTick
                0x08002648       0x14 Drivers\STM32F0xx_HAL_Driver\Src\stm32f0xx_hal.o
                0x08002648                HAL_GetTick
 .text.HAL_Delay
                0x0800265c       0x3a Drivers\STM32F0xx_HAL_Driver\Src\stm32f0xx_hal.o
                0x0800265c                HAL_Delay
 *fill*         0x08002696        0x2 
 .text.NVIC_EnableIRQ
                0x08002698       0x2c Drivers\STM32F0xx_HAL_Driver\Src\stm32f0xx_hal_cortex.o
 .text.NVIC_SetPriority
                0x080026c4       0xdc Drivers\STM32F0xx_HAL_Driver\Src\stm32f0xx_hal_cortex.o
 .text.SysTick_Config
                0x080027a0       0x48 Drivers\STM32F0xx_HAL_Driver\Src\stm32f0xx_hal_cortex.o
 .text.HAL_NVIC_SetPriority
                0x080027e8       0x2c Drivers\STM32F0xx_HAL_Driver\Src\stm32f0xx_hal_cortex.o
                0x080027e8                HAL_NVIC_SetPriority
 .text.HAL_NVIC_EnableIRQ
                0x08002814       0x20 Drivers\STM32F0xx_HAL_Driver\Src\stm32f0xx_hal_cortex.o
                0x08002814                HAL_NVIC_EnableIRQ
 .text.HAL_SYSTICK_Config
                0x08002834       0x1a Drivers\STM32F0xx_HAL_Driver\Src\stm32f0xx_hal_cortex.o
                0x08002834                HAL_SYSTICK_Config
 *fill*         0x0800284e        0x2 
 .text.HAL_SYSTICK_CLKSourceConfig
                0x08002850       0x34 Drivers\STM32F0xx_HAL_Driver\Src\stm32f0xx_hal_cortex.o
                0x08002850                HAL_SYSTICK_CLKSourceConfig
 .text.HAL_SYSTICK_IRQHandler
                0x08002884        0xe Drivers\STM32F0xx_HAL_Driver\Src\stm32f0xx_hal_cortex.o
                0x08002884                HAL_SYSTICK_IRQHandler
 .text.HAL_SYSTICK_Callback
                0x08002892        0xa Drivers\STM32F0xx_HAL_Driver\Src\stm32f0xx_hal_cortex.o
                0x08002892                HAL_SYSTICK_Callback
 .text.HAL_DMA_Init
                0x0800289c       0xa8 Drivers\STM32F0xx_HAL_Driver\Src\stm32f0xx_hal_dma.o
                0x0800289c                HAL_DMA_Init
 .text.HAL_DMA_Start_IT
                0x08002944       0xcc Drivers\STM32F0xx_HAL_Driver\Src\stm32f0xx_hal_dma.o
                0x08002944                HAL_DMA_Start_IT
 .text.HAL_DMA_Abort_IT
                0x08002a10       0x8c Drivers\STM32F0xx_HAL_Driver\Src\stm32f0xx_hal_dma.o
                0x08002a10                HAL_DMA_Abort_IT
 .text.HAL_DMA_IRQHandler
                0x08002a9c      0x144 Drivers\STM32F0xx_HAL_Driver\Src\stm32f0xx_hal_dma.o
                0x08002a9c                HAL_DMA_IRQHandler
 .text.DMA_SetConfig
                0x08002be0       0x58 Drivers\STM32F0xx_HAL_Driver\Src\stm32f0xx_hal_dma.o
 .text.DMA_CalcBaseAndBitshift
                0x08002c38       0x38 Drivers\STM32F0xx_HAL_Driver\Src\stm32f0xx_hal_dma.o
 .text.HAL_FLASH_Program
                0x08002c70      0x130 Drivers\STM32F0xx_HAL_Driver\Src\stm32f0xx_hal_flash.o
                0x08002c70                HAL_FLASH_Program
 .text.HAL_FLASH_Unlock
                0x08002da0       0x34 Drivers\STM32F0xx_HAL_Driver\Src\stm32f0xx_hal_flash.o
                0x08002da0                HAL_FLASH_Unlock
 .text.HAL_FLASH_Lock
                0x08002dd4       0x1c Drivers\STM32F0xx_HAL_Driver\Src\stm32f0xx_hal_flash.o
                0x08002dd4                HAL_FLASH_Lock
 .text.FLASH_Program_HalfWord
                0x08002df0       0x38 Drivers\STM32F0xx_HAL_Driver\Src\stm32f0xx_hal_flash.o
 .text.FLASH_WaitForLastOperation
                0x08002e28       0x80 Drivers\STM32F0xx_HAL_Driver\Src\stm32f0xx_hal_flash.o
                0x08002e28                FLASH_WaitForLastOperation
 .text.FLASH_SetErrorCode
                0x08002ea8       0x60 Drivers\STM32F0xx_HAL_Driver\Src\stm32f0xx_hal_flash.o
 .text.HAL_FLASHEx_Erase
                0x08002f08       0xf0 Drivers\STM32F0xx_HAL_Driver\Src\stm32f0xx_hal_flash_ex.o
                0x08002f08                HAL_FLASHEx_Erase
 .text.FLASH_MassErase
                0x08002ff8       0x30 Drivers\STM32F0xx_HAL_Driver\Src\stm32f0xx_hal_flash_ex.o
 .text.FLASH_PageErase
                0x08003028       0x3c Drivers\STM32F0xx_HAL_Driver\Src\stm32f0xx_hal_flash_ex.o
                0x08003028                FLASH_PageErase
 .text.HAL_GPIO_Init
                0x08003064      0x2e8 Drivers\STM32F0xx_HAL_Driver\Src\stm32f0xx_hal_gpio.o
                0x08003064                HAL_GPIO_Init
 .text.HAL_GPIO_WritePin
                0x0800334c       0x3a Drivers\STM32F0xx_HAL_Driver\Src\stm32f0xx_hal_gpio.o
                0x0800334c                HAL_GPIO_WritePin
 *fill*         0x08003386        0x2 
 .text.HAL_GPIO_EXTI_IRQHandler
                0x08003388       0x38 Drivers\STM32F0xx_HAL_Driver\Src\stm32f0xx_hal_gpio.o
                0x08003388                HAL_GPIO_EXTI_IRQHandler
 .text.HAL_I2C_Init
                0x080033c0      0x12c Drivers\STM32F0xx_HAL_Driver\Src\stm32f0xx_hal_i2c.o
                0x080033c0                HAL_I2C_Init
 .text.HAL_I2C_Master_Transmit
                0x080034ec      0x228 Drivers\STM32F0xx_HAL_Driver\Src\stm32f0xx_hal_i2c.o
                0x080034ec                HAL_I2C_Master_Transmit
 .text.HAL_I2C_Mem_Read
                0x08003714      0x280 Drivers\STM32F0xx_HAL_Driver\Src\stm32f0xx_hal_i2c.o
                0x08003714                HAL_I2C_Mem_Read
 .text.I2C_RequestMemoryRead
                0x08003994       0xda Drivers\STM32F0xx_HAL_Driver\Src\stm32f0xx_hal_i2c.o
 .text.I2C_Flush_TXDR
                0x08003a6e       0x44 Drivers\STM32F0xx_HAL_Driver\Src\stm32f0xx_hal_i2c.o
 .text.I2C_WaitOnFlagUntilTimeout
                0x08003ab2       0x72 Drivers\STM32F0xx_HAL_Driver\Src\stm32f0xx_hal_i2c.o
 .text.I2C_WaitOnTXISFlagUntilTimeout
                0x08003b24       0x7e Drivers\STM32F0xx_HAL_Driver\Src\stm32f0xx_hal_i2c.o
 .text.I2C_WaitOnSTOPFlagUntilTimeout
                0x08003ba2       0x78 Drivers\STM32F0xx_HAL_Driver\Src\stm32f0xx_hal_i2c.o
 *fill*         0x08003c1a        0x2 
 .text.I2C_IsAcknowledgeFailed
                0x08003c1c       0xbc Drivers\STM32F0xx_HAL_Driver\Src\stm32f0xx_hal_i2c.o
 .text.I2C_TransferConfig
                0x08003cd8       0x70 Drivers\STM32F0xx_HAL_Driver\Src\stm32f0xx_hal_i2c.o
 .text.HAL_I2CEx_ConfigAnalogFilter
                0x08003d48       0x98 Drivers\STM32F0xx_HAL_Driver\Src\stm32f0xx_hal_i2c_ex.o
                0x08003d48                HAL_I2CEx_ConfigAnalogFilter
 .text.HAL_I2CEx_ConfigDigitalFilter
                0x08003de0       0x9c Drivers\STM32F0xx_HAL_Driver\Src\stm32f0xx_hal_i2c_ex.o
                0x08003de0                HAL_I2CEx_ConfigDigitalFilter
 .text.HAL_RCC_OscConfig
                0x08003e7c      0x5e8 Drivers\STM32F0xx_HAL_Driver\Src\stm32f0xx_hal_rcc.o
                0x08003e7c                HAL_RCC_OscConfig
 .text.HAL_RCC_ClockConfig
                0x08004464      0x1cc Drivers\STM32F0xx_HAL_Driver\Src\stm32f0xx_hal_rcc.o
                0x08004464                HAL_RCC_ClockConfig
 .text.HAL_RCC_GetSysClockFreq
                0x08004630       0xc0 Drivers\STM32F0xx_HAL_Driver\Src\stm32f0xx_hal_rcc.o
                0x08004630                HAL_RCC_GetSysClockFreq
 .text.HAL_RCC_GetHCLKFreq
                0x080046f0       0x14 Drivers\STM32F0xx_HAL_Driver\Src\stm32f0xx_hal_rcc.o
                0x080046f0                HAL_RCC_GetHCLKFreq
 .text.HAL_RCC_GetPCLK1Freq
                0x08004704       0x2c Drivers\STM32F0xx_HAL_Driver\Src\stm32f0xx_hal_rcc.o
                0x08004704                HAL_RCC_GetPCLK1Freq
 .text.HAL_RCCEx_PeriphCLKConfig
                0x08004730      0x1bc Drivers\STM32F0xx_HAL_Driver\Src\stm32f0xx_hal_rcc_ex.o
                0x08004730                HAL_RCCEx_PeriphCLKConfig
 .text.HAL_TIM_Base_Init
                0x080048ec       0x58 Drivers\STM32F0xx_HAL_Driver\Src\stm32f0xx_hal_tim.o
                0x080048ec                HAL_TIM_Base_Init
 .text.HAL_TIM_PWM_Init
                0x08004944       0x58 Drivers\STM32F0xx_HAL_Driver\Src\stm32f0xx_hal_tim.o
                0x08004944                HAL_TIM_PWM_Init
 .text.HAL_TIM_PWM_Start
                0x0800499c       0x88 Drivers\STM32F0xx_HAL_Driver\Src\stm32f0xx_hal_tim.o
                0x0800499c                HAL_TIM_PWM_Start
 .text.HAL_TIM_OnePulse_Init
                0x08004a24       0x7a Drivers\STM32F0xx_HAL_Driver\Src\stm32f0xx_hal_tim.o
                0x08004a24                HAL_TIM_OnePulse_Init
 .text.HAL_TIM_OnePulse_MspInit
                0x08004a9e       0x10 Drivers\STM32F0xx_HAL_Driver\Src\stm32f0xx_hal_tim.o
                0x08004a9e                HAL_TIM_OnePulse_MspInit
 .text.HAL_TIM_IRQHandler
                0x08004aae      0x22c Drivers\STM32F0xx_HAL_Driver\Src\stm32f0xx_hal_tim.o
                0x08004aae                HAL_TIM_IRQHandler
 *fill*         0x08004cda        0x2 
 .text.HAL_TIM_PWM_ConfigChannel
                0x08004cdc      0x170 Drivers\STM32F0xx_HAL_Driver\Src\stm32f0xx_hal_tim.o
                0x08004cdc                HAL_TIM_PWM_ConfigChannel
 .text.HAL_TIM_SlaveConfigSynchronization
                0x08004e4c       0x74 Drivers\STM32F0xx_HAL_Driver\Src\stm32f0xx_hal_tim.o
                0x08004e4c                HAL_TIM_SlaveConfigSynchronization
 .text.HAL_TIM_OC_DelayElapsedCallback
                0x08004ec0       0x10 Drivers\STM32F0xx_HAL_Driver\Src\stm32f0xx_hal_tim.o
                0x08004ec0                HAL_TIM_OC_DelayElapsedCallback
 .text.HAL_TIM_IC_CaptureCallback
                0x08004ed0       0x10 Drivers\STM32F0xx_HAL_Driver\Src\stm32f0xx_hal_tim.o
                0x08004ed0                HAL_TIM_IC_CaptureCallback
 .text.HAL_TIM_PWM_PulseFinishedCallback
                0x08004ee0       0x10 Drivers\STM32F0xx_HAL_Driver\Src\stm32f0xx_hal_tim.o
                0x08004ee0                HAL_TIM_PWM_PulseFinishedCallback
 .text.HAL_TIM_TriggerCallback
                0x08004ef0       0x10 Drivers\STM32F0xx_HAL_Driver\Src\stm32f0xx_hal_tim.o
                0x08004ef0                HAL_TIM_TriggerCallback
 .text.TIM_Base_SetConfig
                0x08004f00      0x104 Drivers\STM32F0xx_HAL_Driver\Src\stm32f0xx_hal_tim.o
                0x08004f00                TIM_Base_SetConfig
 .text.TIM_OC1_SetConfig
                0x08005004      0x11c Drivers\STM32F0xx_HAL_Driver\Src\stm32f0xx_hal_tim.o
 .text.TIM_OC2_SetConfig
                0x08005120      0x114 Drivers\STM32F0xx_HAL_Driver\Src\stm32f0xx_hal_tim.o
                0x08005120                TIM_OC2_SetConfig
 .text.TIM_OC3_SetConfig
                0x08005234      0x118 Drivers\STM32F0xx_HAL_Driver\Src\stm32f0xx_hal_tim.o
 .text.TIM_OC4_SetConfig
                0x0800534c       0xe0 Drivers\STM32F0xx_HAL_Driver\Src\stm32f0xx_hal_tim.o
 .text.TIM_SlaveTimer_SetConfig
                0x0800542c      0x112 Drivers\STM32F0xx_HAL_Driver\Src\stm32f0xx_hal_tim.o
 .text.TIM_TI1_ConfigInputStage
                0x0800553e       0x64 Drivers\STM32F0xx_HAL_Driver\Src\stm32f0xx_hal_tim.o
 *fill*         0x080055a2        0x2 
 .text.TIM_TI2_ConfigInputStage
                0x080055a4       0x6c Drivers\STM32F0xx_HAL_Driver\Src\stm32f0xx_hal_tim.o
 .text.TIM_ETR_SetConfig
                0x08005610       0x44 Drivers\STM32F0xx_HAL_Driver\Src\stm32f0xx_hal_tim.o
                0x08005610                TIM_ETR_SetConfig
 .text.TIM_CCxChannelCmd
                0x08005654       0x42 Drivers\STM32F0xx_HAL_Driver\Src\stm32f0xx_hal_tim.o
                0x08005654                TIM_CCxChannelCmd
 .text.HAL_TIMEx_MasterConfigSynchronization
                0x08005696       0x86 Drivers\STM32F0xx_HAL_Driver\Src\stm32f0xx_hal_tim_ex.o
                0x08005696                HAL_TIMEx_MasterConfigSynchronization
 .text.HAL_TIMEx_CommutationCallback
                0x0800571c       0x10 Drivers\STM32F0xx_HAL_Driver\Src\stm32f0xx_hal_tim_ex.o
                0x0800571c                HAL_TIMEx_CommutationCallback
 .text.HAL_TIMEx_BreakCallback
                0x0800572c       0x10 Drivers\STM32F0xx_HAL_Driver\Src\stm32f0xx_hal_tim_ex.o
                0x0800572c                HAL_TIMEx_BreakCallback
 .text.HAL_UART_Init
                0x0800573c       0xb0 Drivers\STM32F0xx_HAL_Driver\Src\stm32f0xx_hal_uart.o
                0x0800573c                HAL_UART_Init
 .text.HAL_UART_Transmit_DMA
                0x080057ec      0x100 Drivers\STM32F0xx_HAL_Driver\Src\stm32f0xx_hal_uart.o
                0x080057ec                HAL_UART_Transmit_DMA
 .text.HAL_UART_Receive_DMA
                0x080058ec      0x110 Drivers\STM32F0xx_HAL_Driver\Src\stm32f0xx_hal_uart.o
                0x080058ec                HAL_UART_Receive_DMA
 .text.HAL_UART_IRQHandler
                0x080059fc      0x22c Drivers\STM32F0xx_HAL_Driver\Src\stm32f0xx_hal_uart.o
                0x080059fc                HAL_UART_IRQHandler
 .text.HAL_UART_TxCpltCallback
                0x08005c28       0x10 Drivers\STM32F0xx_HAL_Driver\Src\stm32f0xx_hal_uart.o
                0x08005c28                HAL_UART_TxCpltCallback
 .text.HAL_UART_TxHalfCpltCallback
                0x08005c38       0x10 Drivers\STM32F0xx_HAL_Driver\Src\stm32f0xx_hal_uart.o
                0x08005c38                HAL_UART_TxHalfCpltCallback
 .text.HAL_UART_ErrorCallback
                0x08005c48       0x10 Drivers\STM32F0xx_HAL_Driver\Src\stm32f0xx_hal_uart.o
                0x08005c48                HAL_UART_ErrorCallback
 .text.UART_SetConfig
                0x08005c58      0x2ec Drivers\STM32F0xx_HAL_Driver\Src\stm32f0xx_hal_uart.o
                0x08005c58                UART_SetConfig
 .text.UART_AdvFeatureConfig
                0x08005f44      0x158 Drivers\STM32F0xx_HAL_Driver\Src\stm32f0xx_hal_uart.o
                0x08005f44                UART_AdvFeatureConfig
 .text.UART_CheckIdleState
                0x0800609c       0xa4 Drivers\STM32F0xx_HAL_Driver\Src\stm32f0xx_hal_uart.o
                0x0800609c                UART_CheckIdleState
 .text.UART_WaitOnFlagUntilTimeout
                0x08006140       0x98 Drivers\STM32F0xx_HAL_Driver\Src\stm32f0xx_hal_uart.o
                0x08006140                UART_WaitOnFlagUntilTimeout
 .text.UART_EndTxTransfer
                0x080061d8       0x28 Drivers\STM32F0xx_HAL_Driver\Src\stm32f0xx_hal_uart.o
 .text.UART_EndRxTransfer
                0x08006200       0x3c Drivers\STM32F0xx_HAL_Driver\Src\stm32f0xx_hal_uart.o
 .text.UART_DMATransmitCplt
                0x0800623c       0x54 Drivers\STM32F0xx_HAL_Driver\Src\stm32f0xx_hal_uart.o
 .text.UART_DMATxHalfCplt
                0x08006290       0x1e Drivers\STM32F0xx_HAL_Driver\Src\stm32f0xx_hal_uart.o
 *fill*         0x080062ae        0x2 
 .text.UART_DMAReceiveCplt
                0x080062b0       0x70 Drivers\STM32F0xx_HAL_Driver\Src\stm32f0xx_hal_uart.o
 .text.UART_DMARxHalfCplt
                0x08006320       0x1e Drivers\STM32F0xx_HAL_Driver\Src\stm32f0xx_hal_uart.o
 .text.UART_DMAError
                0x0800633e       0x7a Drivers\STM32F0xx_HAL_Driver\Src\stm32f0xx_hal_uart.o
 .text.UART_DMAAbortOnError
                0x080063b8       0x2e Drivers\STM32F0xx_HAL_Driver\Src\stm32f0xx_hal_uart.o
 .text.UART_Transmit_IT
                0x080063e6       0xae Drivers\STM32F0xx_HAL_Driver\Src\stm32f0xx_hal_uart.o
                0x080063e6                UART_Transmit_IT
 .text.UART_EndTransmit_IT
                0x08006494       0x32 Drivers\STM32F0xx_HAL_Driver\Src\stm32f0xx_hal_uart.o
                0x08006494                UART_EndTransmit_IT
 *fill*         0x080064c6        0x2 
 .text.UART_Receive_IT
                0x080064c8       0xf4 Drivers\STM32F0xx_HAL_Driver\Src\stm32f0xx_hal_uart.o
                0x080064c8                UART_Receive_IT
 .text.HAL_RS485Ex_Init
                0x080065bc       0xe8 Drivers\STM32F0xx_HAL_Driver\Src\stm32f0xx_hal_uart_ex.o
                0x080065bc                HAL_RS485Ex_Init
 .text.HAL_UARTEx_WakeupCallback
                0x080066a4       0x10 Drivers\STM32F0xx_HAL_Driver\Src\stm32f0xx_hal_uart_ex.o
                0x080066a4                HAL_UARTEx_WakeupCallback
 .text.CRC4     0x080066b4      0x106 Src\MS5837-30BADriver.o
 *fill*         0x080067ba        0x2 
 .text.MS5837ReadEEPROMCoeffs
                0x080067bc       0xc4 Src\MS5837-30BADriver.o
 .text.MS5837Init
                0x08006880       0x22 Src\MS5837-30BADriver.o
                0x08006880                MS5837Init
 *fill*         0x080068a2        0x2 
 .text.MS5837IsConnected
                0x080068a4       0x14 Src\MS5837-30BADriver.o
                0x080068a4                MS5837IsConnected
 .text.MS5837Reset
                0x080068b8       0x34 Src\MS5837-30BADriver.o
                0x080068b8                MS5837Reset
 .text.MS5837ReadTemperature
                0x080068ec      0x1e4 Src\MS5837-30BADriver.o
                0x080068ec                MS5837ReadTemperature
 .text.MS5837ReadTemperatureAndPressure
                0x08006ad0      0x864 Src\MS5837-30BADriver.o
                0x08006ad0                MS5837ReadTemperatureAndPressure
 .text.FindCommand
                0x08007334       0x80 Src\command_messaging.o
                0x08007334                FindCommand
 .text.ProcessCommand
                0x080073b4       0xe4 Src\command_messaging.o
                0x080073b4                ProcessCommand
 .text.AddCommand
                0x08007498       0x78 Src\command_messaging.o
                0x08007498                AddCommand
 .text.NVIC_SystemReset
                0x08007510       0x20 Src\commands.o
 .text.SaveDeviceConfig
                0x08007530      0x184 Src\commands.o
                0x08007530                SaveDeviceConfig
 .text.LoadDeviceConfig
                0x080076b4       0x80 Src\commands.o
                0x080076b4                LoadDeviceConfig
 .text.ResetDeviceConfig
                0x08007734       0x28 Src\commands.o
                0x08007734                ResetDeviceConfig
 .text.SetDeviceConfiguration
                0x0800775c       0xbc Src\commands.o
                0x0800775c                SetDeviceConfiguration
 .text.C_R_Ping
                0x08007818       0x1c Src\commands.o
                0x08007818                C_R_Ping
 .text.C_W_ChangeBaudRate
                0x08007834       0x4c Src\commands.o
                0x08007834                C_W_ChangeBaudRate
 .text.C_W_Reset
                0x08007880       0x16 Src\commands.o
                0x08007880                C_W_Reset
 *fill*         0x08007896        0x2 
 .text.C_W_ChangeSlaveId
                0x08007898       0x74 Src\commands.o
                0x08007898                C_W_ChangeSlaveId
 .text.C_W_SaveDeviceConfiguration
                0x0800790c       0x22 Src\commands.o
                0x0800790c                C_W_SaveDeviceConfiguration
 .text.C_W_ResetDeviceConfiguration
                0x0800792e       0x22 Src\commands.o
                0x0800792e                C_W_ResetDeviceConfiguration
 .text.C_R_InitializeBESCDevice
                0x08007950       0x60 Src\commands.o
                0x08007950                C_R_InitializeBESCDevice
 .text.C_R_InitializeLEDDevice
                0x080079b0       0x60 Src\commands.o
                0x080079b0                C_R_InitializeLEDDevice
 .text.C_R_InitializeBCSDevice
                0x08007a10       0xf4 Src\commands.o
                0x08007a10                C_R_InitializeBCSDevice
 .text.C_W_BESCChangeSpeed
                0x08007b04       0x68 Src\commands.o
                0x08007b04                C_W_BESCChangeSpeed
 .text.C_W_LEDChangeBrightness
                0x08007b6c       0x68 Src\commands.o
                0x08007b6c                C_W_LEDChangeBrightness
 .text.C_W_BCS_ChangeSpeed
                0x08007bd4       0x6c Src\commands.o
                0x08007bd4                C_W_BCS_ChangeSpeed
 .text.C_W_BCS_Move
                0x08007c40       0x6c Src\commands.o
                0x08007c40                C_W_BCS_Move
 .text.C_W_BCS_Stop
                0x08007cac       0x64 Src\commands.o
                0x08007cac                C_W_BCS_Stop
 .text.C_W_BCS_MoveToEnd
                0x08007d10       0x6c Src\commands.o
                0x08007d10                C_W_BCS_MoveToEnd
 .text.C_R_MS5837_CheckConnection
                0x08007d7c       0x32 Src\commands.o
                0x08007d7c                C_R_MS5837_CheckConnection
 .text.C_R_MS5837_ReadTemp
                0x08007dae       0x5c Src\commands.o
                0x08007dae                C_R_MS5837_ReadTemp
 .text.C_R_MS5837_ReadTempAndPress
                0x08007e0a       0x80 Src\commands.o
                0x08007e0a                C_R_MS5837_ReadTempAndPress
 .text.C_R_MS5837_ReadPress
                0x08007e8a       0x70 Src\commands.o
                0x08007e8a                C_R_MS5837_ReadPress
 *fill*         0x08007efa        0x2 
 .text.InitializeCommands
                0x08007efc      0x148 Src\commands.o
                0x08007efc                InitializeCommands
 .text.CRC16    0x08008044       0x90 Src\crc16.o
                0x08008044                CRC16
 .text.MX_DMA_Init
                0x080080d4       0x2c Src\dma.o
                0x080080d4                MX_DMA_Init
 .text.MX_GPIO_Init
                0x08008100      0x234 Src\gpio.o
                0x08008100                MX_GPIO_Init
 .text.MX_I2C1_Init
                0x08008334       0x98 Src\i2c.o
                0x08008334                MX_I2C1_Init
 .text.HAL_I2C_MspInit
                0x080083cc       0x78 Src\i2c.o
                0x080083cc                HAL_I2C_MspInit
 .text.HAL_UART_RxHalfCpltCallback
                0x08008444       0xf0 Src\main.o
                0x08008444                HAL_UART_RxHalfCpltCallback
 .text.HAL_UART_RxCpltCallback
                0x08008534       0xf0 Src\main.o
                0x08008534                HAL_UART_RxCpltCallback
 .text.HAL_GPIO_EXTI_Callback
                0x08008624       0x98 Src\main.o
                0x08008624                HAL_GPIO_EXTI_Callback
 .text.HAL_TIM_PeriodElapsedCallback
                0x080086bc      0x130 Src\main.o
                0x080086bc                HAL_TIM_PeriodElapsedCallback
 .text.main     0x080087ec      0x128 Src\main.o
                0x080087ec                main
 .text.SystemClock_Config
                0x08008914      0x10c Src\main.o
                0x08008914                SystemClock_Config
 .text.MX_NVIC_Init
                0x08008a20       0x8a Src\main.o
 .text._Error_Handler
                0x08008aaa        0xc Src\main.o
                0x08008aaa                _Error_Handler
 *fill*         0x08008ab6        0x2 
 .text.IsFunctionCode
                0x08008ab8       0x54 Src\modbus.o
 .text.EncodeReplyWrite
                0x08008b0c       0xdc Src\modbus.o
                0x08008b0c                EncodeReplyWrite
 .text.EncodeReplyRead
                0x08008be8       0x90 Src\modbus.o
                0x08008be8                EncodeReplyRead
 .text.DecodeRequest
                0x08008c78       0xd0 Src\modbus.o
                0x08008c78                DecodeRequest
 .text.ProcessError
                0x08008d48       0x20 Src\modbus.o
                0x08008d48                ProcessError
 .text.InitializeModbus
                0x08008d68       0x38 Src\modbus.o
                0x08008d68                InitializeModbus
 .text.InitializeDriversWorker
                0x08008da0       0x7c Src\peripheral_drivers.o
                0x08008da0                InitializeDriversWorker
 .text.ChangeUSARTBaudRate
                0x08008e1c       0x50 Src\peripheral_drivers.o
                0x08008e1c                ChangeUSARTBaudRate
 .text.ReinitializeBESCDriver
                0x08008e6c       0x7c Src\peripheral_drivers.o
                0x08008e6c                ReinitializeBESCDriver
 .text.ReinitializeBCSDriver
                0x08008ee8      0x13c Src\peripheral_drivers.o
                0x08008ee8                ReinitializeBCSDriver
 .text.ReinitializeLEDDriver
                0x08009024       0x58 Src\peripheral_drivers.o
                0x08009024                ReinitializeLEDDriver
 .text.InitializeBESCDriver
                0x0800907c       0xa4 Src\peripheral_drivers.o
                0x0800907c                InitializeBESCDriver
 .text.InitializeLEDDriver
                0x08009120       0x80 Src\peripheral_drivers.o
                0x08009120                InitializeLEDDriver
 .text.InitializeBCSDriver
                0x080091a0      0x21c Src\peripheral_drivers.o
                0x080091a0                InitializeBCSDriver
 .text.BESCDriverChangeSpeed
                0x080093bc       0xe0 Src\peripheral_drivers.o
                0x080093bc                BESCDriverChangeSpeed
 .text.LEDDriverChangeBrightness
                0x0800949c       0x98 Src\peripheral_drivers.o
                0x0800949c                LEDDriverChangeBrightness
 .text.BCSDriverChangeSpeed
                0x08009534       0xdc Src\peripheral_drivers.o
                0x08009534                BCSDriverChangeSpeed
 .text.BCSDriverMove
                0x08009610      0x22c Src\peripheral_drivers.o
                0x08009610                BCSDriverMove
 .text.BCSDriverStop
                0x0800983c       0x74 Src\peripheral_drivers.o
                0x0800983c                BCSDriverStop
 .text.BCSDriverMoveToEnd
                0x080098b0       0x9c Src\peripheral_drivers.o
                0x080098b0                BCSDriverMoveToEnd
 .text.BufferParams
                0x0800994c       0x24 Src\settings.o
                0x0800994c                BufferParams
 .text.UnbufferParams
                0x08009970       0xac Src\settings.o
                0x08009970                UnbufferParams
 .text.StartChangeFlashParam
                0x08009a1c       0x28 Src\settings.o
                0x08009a1c                StartChangeFlashParam
 .text.EndChangeFlashParam
                0x08009a44       0x22 Src\settings.o
                0x08009a44                EndChangeFlashParam
 *fill*         0x08009a66        0x2 
 .text.HAL_MspInit
                0x08009a68       0x54 Src\stm32f0xx_hal_msp.o
                0x08009a68                HAL_MspInit
 .text.SysTick_Handler
                0x08009abc       0x12 Src\stm32f0xx_it.o
                0x08009abc                SysTick_Handler
 *fill*         0x08009ace        0x2 
 .text.DMA1_Channel2_3_IRQHandler
                0x08009ad0       0x24 Src\stm32f0xx_it.o
                0x08009ad0                DMA1_Channel2_3_IRQHandler
 .text.DMA1_Channel4_5_IRQHandler
                0x08009af4       0x24 Src\stm32f0xx_it.o
                0x08009af4                DMA1_Channel4_5_IRQHandler
 .text.TIM1_BRK_UP_TRG_COM_IRQHandler
                0x08009b18       0x18 Src\stm32f0xx_it.o
                0x08009b18                TIM1_BRK_UP_TRG_COM_IRQHandler
 .text.TIM6_DAC_IRQHandler
                0x08009b30       0x18 Src\stm32f0xx_it.o
                0x08009b30                TIM6_DAC_IRQHandler
 .text.TIM14_IRQHandler
                0x08009b48       0x18 Src\stm32f0xx_it.o
                0x08009b48                TIM14_IRQHandler
 .text.TIM16_IRQHandler
                0x08009b60       0x18 Src\stm32f0xx_it.o
                0x08009b60                TIM16_IRQHandler
 .text.USART1_IRQHandler
                0x08009b78       0x18 Src\stm32f0xx_it.o
                0x08009b78                USART1_IRQHandler
 .text.USART2_IRQHandler
                0x08009b90       0x18 Src\stm32f0xx_it.o
                0x08009b90                USART2_IRQHandler
 .text.EXTI0_1_IRQHandler
                0x08009ba8       0x16 Src\stm32f0xx_it.o
                0x08009ba8                EXTI0_1_IRQHandler
 .text.EXTI2_3_IRQHandler
                0x08009bbe       0x16 Src\stm32f0xx_it.o
                0x08009bbe                EXTI2_3_IRQHandler
 .text.EXTI4_15_IRQHandler
                0x08009bd4       0x1e Src\stm32f0xx_it.o
                0x08009bd4                EXTI4_15_IRQHandler
 *fill*         0x08009bf2        0x2 
 .text.SystemInit
                0x08009bf4       0x88 Src\system_stm32f0xx.o
                0x08009bf4                SystemInit
 .text.MX_TIM1_Init
                0x08009c7c       0xc4 Src\tim.o
                0x08009c7c                MX_TIM1_Init
 .text.MX_TIM2_Init
                0x08009d40       0xd4 Src\tim.o
                0x08009d40                MX_TIM2_Init
 .text.MX_TIM3_Init
                0x08009e14       0xd4 Src\tim.o
                0x08009e14                MX_TIM3_Init
 .text.MX_TIM6_Init
                0x08009ee8       0x90 Src\tim.o
                0x08009ee8                MX_TIM6_Init
 .text.MX_TIM14_Init
                0x08009f78       0x58 Src\tim.o
                0x08009f78                MX_TIM14_Init
 .text.MX_TIM16_Init
                0x08009fd0       0x74 Src\tim.o
                0x08009fd0                MX_TIM16_Init
 .text.HAL_TIM_Base_MspInit
                0x0800a044       0xc0 Src\tim.o
                0x0800a044                HAL_TIM_Base_MspInit
 .text.HAL_TIM_PWM_MspInit
                0x0800a104       0x60 Src\tim.o
                0x0800a104                HAL_TIM_PWM_MspInit
 .text.HAL_TIM_MspPostInit
                0x0800a164       0xd8 Src\tim.o
                0x0800a164                HAL_TIM_MspPostInit
 .text.MX_USART1_UART_Init
                0x0800a23c       0x6c Src\usart.o
                0x0800a23c                MX_USART1_UART_Init
 .text.MX_USART2_UART_Init
                0x0800a2a8       0x70 Src\usart.o
                0x0800a2a8                MX_USART2_UART_Init
 .text.HAL_UART_MspInit
                0x0800a318      0x254 Src\usart.o
                0x0800a318                HAL_UART_MspInit
 .text.Reset_Handler
                0x0800a56c       0x50 startup\startup_stm32f051x8.o
                0x0800a56c                Reset_Handler
 .text.Default_Handler
                0x0800a5bc        0x2 startup\startup_stm32f051x8.o
                0x0800a5bc                TIM1_CC_IRQHandler
                0x0800a5bc                TSC_IRQHandler
                0x0800a5bc                HardFault_Handler
                0x0800a5bc                ADC1_COMP_IRQHandler
                0x0800a5bc                PVD_IRQHandler
                0x0800a5bc                PendSV_Handler
                0x0800a5bc                NMI_Handler
                0x0800a5bc                I2C1_IRQHandler
                0x0800a5bc                RCC_CRS_IRQHandler
                0x0800a5bc                SPI1_IRQHandler
                0x0800a5bc                I2C2_IRQHandler
                0x0800a5bc                TIM17_IRQHandler
                0x0800a5bc                CEC_CAN_IRQHandler
                0x0800a5bc                RTC_IRQHandler
                0x0800a5bc                TIM3_IRQHandler
                0x0800a5bc                DMA1_Channel1_IRQHandler
                0x0800a5bc                Default_Handler
                0x0800a5bc                TIM15_IRQHandler
                0x0800a5bc                SPI2_IRQHandler
                0x0800a5bc                SVC_Handler
                0x0800a5bc                WWDG_IRQHandler
                0x0800a5bc                TIM2_IRQHandler
                0x0800a5bc                FLASH_IRQHandler
 *fill*         0x0800a5be        0x2 
 .text.__libc_init_array
                0x0800a5c0       0x48 d:/programs/truestudio for stm32 9.0.0/armtools/bin/../lib/gcc/arm-atollic-eabi/6.3.1/../../../../arm-atollic-eabi/lib/armv6-m\libc_nano.a(lib_a-init.o)
                0x0800a5c0                __libc_init_array
 .text.memcpy   0x0800a608       0x12 d:/programs/truestudio for stm32 9.0.0/armtools/bin/../lib/gcc/arm-atollic-eabi/6.3.1/../../../../arm-atollic-eabi/lib/armv6-m\libc_nano.a(lib_a-memcpy-stub.o)
                0x0800a608                memcpy
 .text.memset   0x0800a61a       0x10 d:/programs/truestudio for stm32 9.0.0/armtools/bin/../lib/gcc/arm-atollic-eabi/6.3.1/../../../../arm-atollic-eabi/lib/armv6-m\libc_nano.a(lib_a-memset.o)
                0x0800a61a                memset
 *fill*         0x0800a62a        0x2 
 .text.round    0x0800a62c       0x8c d:/programs/truestudio for stm32 9.0.0/armtools/bin/../lib/gcc/arm-atollic-eabi/6.3.1/../../../../arm-atollic-eabi/lib/armv6-m\libm.a(lib_a-s_round.o)
                0x0800a62c                round
 *(.glue_7)
 .glue_7        0x0800a6b8        0x0 linker stubs
 *(.glue_7t)
 .glue_7t       0x0800a6b8        0x0 linker stubs
 *(.eh_frame)
 .eh_frame      0x0800a6b8        0x0 d:/programs/truestudio for stm32 9.0.0/armtools/bin/../lib/gcc/arm-atollic-eabi/6.3.1/armv6-m/crtbegin.o
 *(.init)
 .init          0x0800a6b8        0x4 d:/programs/truestudio for stm32 9.0.0/armtools/bin/../lib/gcc/arm-atollic-eabi/6.3.1/armv6-m/crti.o
                0x0800a6b8                _init
 .init          0x0800a6bc        0x8 d:/programs/truestudio for stm32 9.0.0/armtools/bin/../lib/gcc/arm-atollic-eabi/6.3.1/armv6-m/crtn.o
 *(.fini)
 .fini          0x0800a6c4        0x4 d:/programs/truestudio for stm32 9.0.0/armtools/bin/../lib/gcc/arm-atollic-eabi/6.3.1/armv6-m/crti.o
                0x0800a6c4                _fini
 .fini          0x0800a6c8        0x8 d:/programs/truestudio for stm32 9.0.0/armtools/bin/../lib/gcc/arm-atollic-eabi/6.3.1/armv6-m/crtn.o
                0x0800a6d0                . = ALIGN (0x4)
                0x0800a6d0                _etext = .

.vfp11_veneer   0x0800a6d0        0x0
 .vfp11_veneer  0x0800a6d0        0x0 linker stubs

.v4_bx          0x0800a6d0        0x0
 .v4_bx         0x0800a6d0        0x0 linker stubs

.iplt           0x0800a6d0        0x0
 .iplt          0x0800a6d0        0x0 d:/programs/truestudio for stm32 9.0.0/armtools/bin/../lib/gcc/arm-atollic-eabi/6.3.1/armv6-m/crtbegin.o

.rodata         0x0800a6d0      0x17c
                0x0800a6d0                . = ALIGN (0x4)
 *(.rodata)
 .rodata        0x0800a6d0       0x20 Drivers\STM32F0xx_HAL_Driver\Src\stm32f0xx_hal_rcc.o
 .rodata        0x0800a6f0        0xd Src\i2c.o
 *fill*         0x0800a6fd        0x3 
 .rodata        0x0800a700        0xe Src\main.o
 *fill*         0x0800a70e        0x2 
 .rodata        0x0800a710        0xd Src\tim.o
 *fill*         0x0800a71d        0x3 
 .rodata        0x0800a720        0xf Src\usart.o
 *fill*         0x0800a72f        0x1 
 .rodata        0x0800a730       0x80 d:/programs/truestudio for stm32 9.0.0/armtools/bin/../lib/gcc/arm-atollic-eabi/6.3.1/armv6-m\libgcc.a(divsf3.o)
 .rodata        0x0800a7b0       0x40 d:/programs/truestudio for stm32 9.0.0/armtools/bin/../lib/gcc/arm-atollic-eabi/6.3.1/armv6-m\libgcc.a(mulsf3.o)
 .rodata        0x0800a7f0       0x40 d:/programs/truestudio for stm32 9.0.0/armtools/bin/../lib/gcc/arm-atollic-eabi/6.3.1/armv6-m\libgcc.a(muldf3.o)
 *(.rodata*)
 .rodata.m_funcEnumValues
                0x0800a830        0x2 Src\modbus.o
 *fill*         0x0800a832        0x2 
 .rodata.AHBPrescTable
                0x0800a834       0x10 Src\system_stm32f0xx.o
                0x0800a834                AHBPrescTable
 .rodata.APBPrescTable
                0x0800a844        0x8 Src\system_stm32f0xx.o
                0x0800a844                APBPrescTable
                0x0800a84c                . = ALIGN (0x4)

.rel.dyn        0x0800a84c        0x0
 .rel.iplt      0x0800a84c        0x0 d:/programs/truestudio for stm32 9.0.0/armtools/bin/../lib/gcc/arm-atollic-eabi/6.3.1/armv6-m/crtbegin.o

.ARM.extab
 *(.ARM.extab* .gnu.linkonce.armextab.*)

.ARM            0x0800a84c        0x0
                0x0800a84c                __exidx_start = .
 *(.ARM.exidx*)
                0x0800a84c                __exidx_end = .

.preinit_array  0x0800a84c        0x0
                0x0800a84c                PROVIDE (__preinit_array_start, .)
 *(.preinit_array*)
                0x0800a84c                PROVIDE (__preinit_array_end, .)

.init_array     0x0800a84c        0x4
                0x0800a84c                PROVIDE (__init_array_start, .)
 *(SORT(.init_array.*))
 *(.init_array*)
 .init_array    0x0800a84c        0x4 d:/programs/truestudio for stm32 9.0.0/armtools/bin/../lib/gcc/arm-atollic-eabi/6.3.1/armv6-m/crtbegin.o
                0x0800a850                PROVIDE (__init_array_end, .)

.fini_array     0x0800a850        0x4
                [!provide]                PROVIDE (__fini_array_start, .)
 *(SORT(.fini_array.*))
 *(.fini_array*)
 .fini_array    0x0800a850        0x4 d:/programs/truestudio for stm32 9.0.0/armtools/bin/../lib/gcc/arm-atollic-eabi/6.3.1/armv6-m/crtbegin.o
                [!provide]                PROVIDE (__fini_array_end, .)
                0x0800a854                _sidata = LOADADDR (.data)

.data           0x20000000      0x29c load address 0x0800a854
                0x20000000                . = ALIGN (0x4)
                0x20000000                _sdata = .
 *(.data)
 *(.data*)
 .data.m_connectionStatus
                0x20000000        0x1 Src\MS5837-30BADriver.o
 *fill*         0x20000001        0x3 
 .data.m_conversionTime
                0x20000004       0x18 Src\MS5837-30BADriver.o
 .data.auchCRCHi
                0x2000001c      0x100 Src\crc16.o
 .data.auchCRCLo
                0x2000011c      0x100 Src\crc16.o
 .data.m_TIMChannels
                0x2000021c       0x40 Src\peripheral_drivers.o
 .data.m_GPIOChannels
                0x2000025c       0x30 Src\peripheral_drivers.o
 .data.m_eraseInitStruct
                0x2000028c        0xc Src\settings.o
                0x2000028c                m_eraseInitStruct
 .data.SystemCoreClock
                0x20000298        0x4 Src\system_stm32f0xx.o
                0x20000298                SystemCoreClock
                0x2000029c                . = ALIGN (0x4)
                0x2000029c                _edata = .

.igot.plt       0x2000029c        0x0 load address 0x0800aaf0
 .igot.plt      0x2000029c        0x0 d:/programs/truestudio for stm32 9.0.0/armtools/bin/../lib/gcc/arm-atollic-eabi/6.3.1/armv6-m/crtbegin.o
                0x2000029c                . = ALIGN (0x4)

.bss            0x200002a0      0x9c4 load address 0x0800aaf0
                0x200002a0                _sbss = .
                0x200002a0                __bss_start__ = _sbss
 *(.bss)
 .bss           0x200002a0       0x1c d:/programs/truestudio for stm32 9.0.0/armtools/bin/../lib/gcc/arm-atollic-eabi/6.3.1/armv6-m/crtbegin.o
 *(.bss*)
 .bss.m_eepromCoeffs
                0x200002bc       0x10 Src\MS5837-30BADriver.o
 .bss.m_registeredCommandsCount
                0x200002cc        0x2 Src\command_messaging.o
 *fill*         0x200002ce        0x2 
 .bss.m_commands
                0x200002d0       0xf0 Src\command_messaging.o
 .bss.m_message
                0x200003c0        0xc Src\command_messaging.o
 .bss.BESCDriversCounter
                0x200003cc        0x1 Src\commands.o
                0x200003cc                BESCDriversCounter
 .bss.BCSDriversCounter
                0x200003cd        0x1 Src\commands.o
                0x200003cd                BCSDriversCounter
 .bss.LEDDriversCounter
                0x200003ce        0x1 Src\commands.o
                0x200003ce                LEDDriversCounter
 *fill*         0x200003cf        0x1 
 .bss.m_USART1dmaRxBuffer
                0x200003d0        0x2 Src\main.o
 *fill*         0x200003d2        0x2 
 .bss.m_USART1RxBuffer
                0x200003d4       0xff Src\main.o
 *fill*         0x200004d3        0x1 
 .bss.m_USART1TxBuffer
                0x200004d4       0xff Src\main.o
 .bss.m_USART1RxBufferLength
                0x200005d3        0x1 Src\main.o
 .bss.m_USART2dmaRxBuffer
                0x200005d4        0x2 Src\main.o
 *fill*         0x200005d6        0x2 
 .bss.m_USART2RxBuffer
                0x200005d8       0xff Src\main.o
 *fill*         0x200006d7        0x1 
 .bss.m_USART2TxBuffer
                0x200006d8       0xff Src\main.o
 .bss.m_USART2RxBufferLength
                0x200007d7        0x1 Src\main.o
 .bss.m_USART1Overflow
                0x200007d8        0x1 Src\main.o
                0x200007d8                m_USART1Overflow
 .bss.m_USART2Overflow
                0x200007d9        0x1 Src\main.o
                0x200007d9                m_USART2Overflow
 *fill*         0x200007da        0x2 
 .bss.m_BESCDriverARR
                0x200007dc        0x4 Src\peripheral_drivers.o
 .bss.m_LEDDriverARR
                0x200007e0        0x4 Src\peripheral_drivers.o
 .bss.m_BCSDriverMaxARR
                0x200007e4        0x4 Src\peripheral_drivers.o
 .bss.m_BCSDriverMinARR
                0x200007e8        0x4 Src\peripheral_drivers.o
 .bss.m_pageError
                0x200007ec        0x4 Src\settings.o
                0x200007ec                m_pageError
 *(COMMON)
 COMMON         0x200007f0        0x4 Drivers\STM32F0xx_HAL_Driver\Src\stm32f0xx_hal.o
                0x200007f0                uwTick
 *fill*         0x200007f4        0x4 
 COMMON         0x200007f8       0x20 Drivers\STM32F0xx_HAL_Driver\Src\stm32f0xx_hal_flash.o
                0x200007f8                pFlash
 COMMON         0x20000818       0x38 Src\commands.o
                0x20000818                LEDDrivers
                0x20000828                BESCDrivers
                0x20000838                TIM1BCS
                0x2000083c                BCSDrivers
 COMMON         0x20000850       0x4c Src\i2c.o
                0x20000850                hi2c1
 COMMON         0x2000089c        0x2 Src\modbus.o
                0x2000089c                SlaveId
 *fill*         0x2000089e        0x2 
 COMMON         0x200008a0       0x52 Src\settings.o
                0x200008a0                m_paramsBuffer
 *fill*         0x200008f2        0x2 
 COMMON         0x200008f4      0x180 Src\tim.o
                0x200008f4                htim3
                0x20000934                htim6
                0x20000974                htim1
                0x200009b4                htim2
                0x200009f4                htim14
                0x20000a34                htim16
 COMMON         0x20000a74      0x1f0 Src\usart.o
                0x20000a74                hdma_usart2_rx
                0x20000ab8                hdma_usart1_tx
                0x20000afc                hdma_usart1_rx
                0x20000b40                hdma_usart2_tx
                0x20000b84                huart1
                0x20000bf4                huart2
                0x20000c64                . = ALIGN (0x4)
                0x20000c64                _ebss = .
                0x20000c64                __bss_end__ = _ebss

._user_heap_stack
                0x20000c64      0x600 load address 0x0800aaf0
                0x20000c64                . = ALIGN (0x4)
                [!provide]                PROVIDE (end, .)
                [!provide]                PROVIDE (_end, .)
                0x20000e64                . = (. + _Min_Heap_Size)
 *fill*         0x20000c64      0x200 
                0x20001264                . = (. + _Min_Stack_Size)
 *fill*         0x20000e64      0x400 
                0x20001264                . = ALIGN (0x4)

/DISCARD/
 libc.a(*)
 libm.a(*)
 libgcc.a(*)

.ARM.attributes
                0x00000000       0x28
 *(.ARM.attributes)
 .ARM.attributes
                0x00000000       0x1e d:/programs/truestudio for stm32 9.0.0/armtools/bin/../lib/gcc/arm-atollic-eabi/6.3.1/armv6-m/crti.o
 .ARM.attributes
                0x0000001e       0x2c d:/programs/truestudio for stm32 9.0.0/armtools/bin/../lib/gcc/arm-atollic-eabi/6.3.1/armv6-m/crtbegin.o
 .ARM.attributes
                0x0000004a       0x31 Drivers\STM32F0xx_HAL_Driver\Src\stm32f0xx_hal.o
 .ARM.attributes
                0x0000007b       0x31 Drivers\STM32F0xx_HAL_Driver\Src\stm32f0xx_hal_cortex.o
 .ARM.attributes
                0x000000ac       0x31 Drivers\STM32F0xx_HAL_Driver\Src\stm32f0xx_hal_dma.o
 .ARM.attributes
                0x000000dd       0x31 Drivers\STM32F0xx_HAL_Driver\Src\stm32f0xx_hal_flash.o
 .ARM.attributes
                0x0000010e       0x31 Drivers\STM32F0xx_HAL_Driver\Src\stm32f0xx_hal_flash_ex.o
 .ARM.attributes
                0x0000013f       0x31 Drivers\STM32F0xx_HAL_Driver\Src\stm32f0xx_hal_gpio.o
 .ARM.attributes
                0x00000170       0x31 Drivers\STM32F0xx_HAL_Driver\Src\stm32f0xx_hal_i2c.o
 .ARM.attributes
                0x000001a1       0x31 Drivers\STM32F0xx_HAL_Driver\Src\stm32f0xx_hal_i2c_ex.o
 .ARM.attributes
                0x000001d2       0x31 Drivers\STM32F0xx_HAL_Driver\Src\stm32f0xx_hal_rcc.o
 .ARM.attributes
                0x00000203       0x31 Drivers\STM32F0xx_HAL_Driver\Src\stm32f0xx_hal_rcc_ex.o
 .ARM.attributes
                0x00000234       0x31 Drivers\STM32F0xx_HAL_Driver\Src\stm32f0xx_hal_tim.o
 .ARM.attributes
                0x00000265       0x31 Drivers\STM32F0xx_HAL_Driver\Src\stm32f0xx_hal_tim_ex.o
 .ARM.attributes
                0x00000296       0x31 Drivers\STM32F0xx_HAL_Driver\Src\stm32f0xx_hal_uart.o
 .ARM.attributes
                0x000002c7       0x31 Drivers\STM32F0xx_HAL_Driver\Src\stm32f0xx_hal_uart_ex.o
 .ARM.attributes
                0x000002f8       0x31 Src\MS5837-30BADriver.o
 .ARM.attributes
                0x00000329       0x31 Src\command_messaging.o
 .ARM.attributes
                0x0000035a       0x31 Src\commands.o
 .ARM.attributes
                0x0000038b       0x31 Src\crc16.o
 .ARM.attributes
                0x000003bc       0x31 Src\dma.o
 .ARM.attributes
                0x000003ed       0x31 Src\gpio.o
 .ARM.attributes
                0x0000041e       0x31 Src\i2c.o
 .ARM.attributes
                0x0000044f       0x31 Src\main.o
 .ARM.attributes
                0x00000480       0x31 Src\modbus.o
 .ARM.attributes
                0x000004b1       0x31 Src\peripheral_drivers.o
 .ARM.attributes
                0x000004e2       0x31 Src\settings.o
 .ARM.attributes
                0x00000513       0x31 Src\stm32f0xx_hal_msp.o
 .ARM.attributes
                0x00000544       0x31 Src\stm32f0xx_it.o
 .ARM.attributes
                0x00000575       0x31 Src\system_stm32f0xx.o
 .ARM.attributes
                0x000005a6       0x31 Src\tim.o
 .ARM.attributes
                0x000005d7       0x31 Src\usart.o
 .ARM.attributes
                0x00000608       0x21 startup\startup_stm32f051x8.o
 .ARM.attributes
                0x00000629       0x2c d:/programs/truestudio for stm32 9.0.0/armtools/bin/../lib/gcc/arm-atollic-eabi/6.3.1/../../../../arm-atollic-eabi/lib/armv6-m\libc_nano.a(lib_a-init.o)
 .ARM.attributes
                0x00000655       0x2c d:/programs/truestudio for stm32 9.0.0/armtools/bin/../lib/gcc/arm-atollic-eabi/6.3.1/../../../../arm-atollic-eabi/lib/armv6-m\libc_nano.a(lib_a-memcpy-stub.o)
 .ARM.attributes
                0x00000681       0x2c d:/programs/truestudio for stm32 9.0.0/armtools/bin/../lib/gcc/arm-atollic-eabi/6.3.1/../../../../arm-atollic-eabi/lib/armv6-m\libc_nano.a(lib_a-memset.o)
 .ARM.attributes
                0x000006ad       0x2c d:/programs/truestudio for stm32 9.0.0/armtools/bin/../lib/gcc/arm-atollic-eabi/6.3.1/../../../../arm-atollic-eabi/lib/armv6-m\libm.a(lib_a-s_round.o)
 .ARM.attributes
                0x000006d9       0x1e d:/programs/truestudio for stm32 9.0.0/armtools/bin/../lib/gcc/arm-atollic-eabi/6.3.1/armv6-m\libgcc.a(_udivsi3.o)
 .ARM.attributes
                0x000006f7       0x1e d:/programs/truestudio for stm32 9.0.0/armtools/bin/../lib/gcc/arm-atollic-eabi/6.3.1/armv6-m\libgcc.a(_dvmd_tls.o)
 .ARM.attributes
                0x00000715       0x1e d:/programs/truestudio for stm32 9.0.0/armtools/bin/../lib/gcc/arm-atollic-eabi/6.3.1/armv6-m\libgcc.a(_arm_cmpdf2.o)
 .ARM.attributes
                0x00000733       0x2c d:/programs/truestudio for stm32 9.0.0/armtools/bin/../lib/gcc/arm-atollic-eabi/6.3.1/armv6-m\libgcc.a(_muldi3.o)
 .ARM.attributes
                0x0000075f       0x2c d:/programs/truestudio for stm32 9.0.0/armtools/bin/../lib/gcc/arm-atollic-eabi/6.3.1/armv6-m\libgcc.a(_fixunsdfsi.o)
 .ARM.attributes
                0x0000078b       0x2c d:/programs/truestudio for stm32 9.0.0/armtools/bin/../lib/gcc/arm-atollic-eabi/6.3.1/armv6-m\libgcc.a(_fixsfdi.o)
 .ARM.attributes
                0x000007b7       0x2c d:/programs/truestudio for stm32 9.0.0/armtools/bin/../lib/gcc/arm-atollic-eabi/6.3.1/armv6-m\libgcc.a(_fixunssfdi.o)
 .ARM.attributes
                0x000007e3       0x2c d:/programs/truestudio for stm32 9.0.0/armtools/bin/../lib/gcc/arm-atollic-eabi/6.3.1/armv6-m\libgcc.a(_floatdisf.o)
 .ARM.attributes
                0x0000080f       0x2c d:/programs/truestudio for stm32 9.0.0/armtools/bin/../lib/gcc/arm-atollic-eabi/6.3.1/armv6-m\libgcc.a(divsf3.o)
 .ARM.attributes
                0x0000083b       0x2c d:/programs/truestudio for stm32 9.0.0/armtools/bin/../lib/gcc/arm-atollic-eabi/6.3.1/armv6-m\libgcc.a(mulsf3.o)
 .ARM.attributes
                0x00000867       0x2c d:/programs/truestudio for stm32 9.0.0/armtools/bin/../lib/gcc/arm-atollic-eabi/6.3.1/armv6-m\libgcc.a(subsf3.o)
 .ARM.attributes
                0x00000893       0x2c d:/programs/truestudio for stm32 9.0.0/armtools/bin/../lib/gcc/arm-atollic-eabi/6.3.1/armv6-m\libgcc.a(fixsfsi.o)
 .ARM.attributes
                0x000008bf       0x2c d:/programs/truestudio for stm32 9.0.0/armtools/bin/../lib/gcc/arm-atollic-eabi/6.3.1/armv6-m\libgcc.a(floatsisf.o)
 .ARM.attributes
                0x000008eb       0x2c d:/programs/truestudio for stm32 9.0.0/armtools/bin/../lib/gcc/arm-atollic-eabi/6.3.1/armv6-m\libgcc.a(floatunsisf.o)
 .ARM.attributes
                0x00000917       0x2c d:/programs/truestudio for stm32 9.0.0/armtools/bin/../lib/gcc/arm-atollic-eabi/6.3.1/armv6-m\libgcc.a(adddf3.o)
 .ARM.attributes
                0x00000943       0x2c d:/programs/truestudio for stm32 9.0.0/armtools/bin/../lib/gcc/arm-atollic-eabi/6.3.1/armv6-m\libgcc.a(eqdf2.o)
 .ARM.attributes
                0x0000096f       0x2c d:/programs/truestudio for stm32 9.0.0/armtools/bin/../lib/gcc/arm-atollic-eabi/6.3.1/armv6-m\libgcc.a(gedf2.o)
 .ARM.attributes
                0x0000099b       0x2c d:/programs/truestudio for stm32 9.0.0/armtools/bin/../lib/gcc/arm-atollic-eabi/6.3.1/armv6-m\libgcc.a(ledf2.o)
 .ARM.attributes
                0x000009c7       0x2c d:/programs/truestudio for stm32 9.0.0/armtools/bin/../lib/gcc/arm-atollic-eabi/6.3.1/armv6-m\libgcc.a(muldf3.o)
 .ARM.attributes
                0x000009f3       0x2c d:/programs/truestudio for stm32 9.0.0/armtools/bin/../lib/gcc/arm-atollic-eabi/6.3.1/armv6-m\libgcc.a(subdf3.o)
 .ARM.attributes
                0x00000a1f       0x2c d:/programs/truestudio for stm32 9.0.0/armtools/bin/../lib/gcc/arm-atollic-eabi/6.3.1/armv6-m\libgcc.a(fixdfsi.o)
 .ARM.attributes
                0x00000a4b       0x2c d:/programs/truestudio for stm32 9.0.0/armtools/bin/../lib/gcc/arm-atollic-eabi/6.3.1/armv6-m\libgcc.a(floatsidf.o)
 .ARM.attributes
                0x00000a77       0x2c d:/programs/truestudio for stm32 9.0.0/armtools/bin/../lib/gcc/arm-atollic-eabi/6.3.1/armv6-m\libgcc.a(floatunsidf.o)
 .ARM.attributes
                0x00000aa3       0x2c d:/programs/truestudio for stm32 9.0.0/armtools/bin/../lib/gcc/arm-atollic-eabi/6.3.1/armv6-m\libgcc.a(extendsfdf2.o)
 .ARM.attributes
                0x00000acf       0x2c d:/programs/truestudio for stm32 9.0.0/armtools/bin/../lib/gcc/arm-atollic-eabi/6.3.1/armv6-m\libgcc.a(truncdfsf2.o)
 .ARM.attributes
                0x00000afb       0x1e d:/programs/truestudio for stm32 9.0.0/armtools/bin/../lib/gcc/arm-atollic-eabi/6.3.1/armv6-m\libgcc.a(_arm_cmpsf2.o)
 .ARM.attributes
                0x00000b19       0x1e d:/programs/truestudio for stm32 9.0.0/armtools/bin/../lib/gcc/arm-atollic-eabi/6.3.1/armv6-m\libgcc.a(_clzsi2.o)
 .ARM.attributes
                0x00000b37       0x2c d:/programs/truestudio for stm32 9.0.0/armtools/bin/../lib/gcc/arm-atollic-eabi/6.3.1/armv6-m\libgcc.a(eqsf2.o)
 .ARM.attributes
                0x00000b63       0x2c d:/programs/truestudio for stm32 9.0.0/armtools/bin/../lib/gcc/arm-atollic-eabi/6.3.1/armv6-m\libgcc.a(gesf2.o)
 .ARM.attributes
                0x00000b8f       0x2c d:/programs/truestudio for stm32 9.0.0/armtools/bin/../lib/gcc/arm-atollic-eabi/6.3.1/armv6-m\libgcc.a(lesf2.o)
 .ARM.attributes
                0x00000bbb       0x1e d:/programs/truestudio for stm32 9.0.0/armtools/bin/../lib/gcc/arm-atollic-eabi/6.3.1/armv6-m/crtn.o
OUTPUT(InterPlan.elf elf32-littlearm)

.debug_info     0x00000000    0x21a5c
 .debug_info    0x00000000      0xddc Drivers\STM32F0xx_HAL_Driver\Src\stm32f0xx_hal.o
 .debug_info    0x00000ddc      0xf29 Drivers\STM32F0xx_HAL_Driver\Src\stm32f0xx_hal_cortex.o
 .debug_info    0x00001d05      0xf5a Drivers\STM32F0xx_HAL_Driver\Src\stm32f0xx_hal_dma.o
 .debug_info    0x00002c5f      0xd28 Drivers\STM32F0xx_HAL_Driver\Src\stm32f0xx_hal_flash.o
 .debug_info    0x00003987      0xf2f Drivers\STM32F0xx_HAL_Driver\Src\stm32f0xx_hal_flash_ex.o
 .debug_info    0x000048b6      0xe52 Drivers\STM32F0xx_HAL_Driver\Src\stm32f0xx_hal_gpio.o
 .debug_info    0x00005708     0x23a9 Drivers\STM32F0xx_HAL_Driver\Src\stm32f0xx_hal_i2c.o
 .debug_info    0x00007ab1     0x107b Drivers\STM32F0xx_HAL_Driver\Src\stm32f0xx_hal_i2c_ex.o
 .debug_info    0x00008b2c      0xf9c Drivers\STM32F0xx_HAL_Driver\Src\stm32f0xx_hal_rcc.o
 .debug_info    0x00009ac8      0xb96 Drivers\STM32F0xx_HAL_Driver\Src\stm32f0xx_hal_rcc_ex.o
 .debug_info    0x0000a65e     0x2a8c Drivers\STM32F0xx_HAL_Driver\Src\stm32f0xx_hal_tim.o
 .debug_info    0x0000d0ea     0x1838 Drivers\STM32F0xx_HAL_Driver\Src\stm32f0xx_hal_tim_ex.o
 .debug_info    0x0000e922     0x1b4e Drivers\STM32F0xx_HAL_Driver\Src\stm32f0xx_hal_uart.o
 .debug_info    0x00010470     0x109e Drivers\STM32F0xx_HAL_Driver\Src\stm32f0xx_hal_uart_ex.o
 .debug_info    0x0001150e     0x11e2 Src\MS5837-30BADriver.o
 .debug_info    0x000126f0      0x3d3 Src\command_messaging.o
 .debug_info    0x00012ac3     0x1bdc Src\commands.o
 .debug_info    0x0001469f      0x137 Src\crc16.o
 .debug_info    0x000147d6      0xa02 Src\dma.o
 .debug_info    0x000151d8      0xbac Src\gpio.o
 .debug_info    0x00015d84     0x106c Src\i2c.o
 .debug_info    0x00016df0     0x1c16 Src\main.o
 .debug_info    0x00018a06     0x14ce Src\modbus.o
 .debug_info    0x00019ed4     0x1ae9 Src\peripheral_drivers.o
 .debug_info    0x0001b9bd     0x130e Src\settings.o
 .debug_info    0x0001cccb      0xadb Src\stm32f0xx_hal_msp.o
 .debug_info    0x0001d7a6     0x11c3 Src\stm32f0xx_it.o
 .debug_info    0x0001e969      0xa63 Src\system_stm32f0xx.o
 .debug_info    0x0001f3cc     0x1421 Src\tim.o
 .debug_info    0x000207ed     0x1205 Src\usart.o
 .debug_info    0x000219f2       0x6a startup\startup_stm32f051x8.o

.debug_abbrev   0x00000000     0x439d
 .debug_abbrev  0x00000000      0x266 Drivers\STM32F0xx_HAL_Driver\Src\stm32f0xx_hal.o
 .debug_abbrev  0x00000266      0x30f Drivers\STM32F0xx_HAL_Driver\Src\stm32f0xx_hal_cortex.o
 .debug_abbrev  0x00000575      0x275 Drivers\STM32F0xx_HAL_Driver\Src\stm32f0xx_hal_dma.o
 .debug_abbrev  0x000007ea      0x2ad Drivers\STM32F0xx_HAL_Driver\Src\stm32f0xx_hal_flash.o
 .debug_abbrev  0x00000a97      0x2ab Drivers\STM32F0xx_HAL_Driver\Src\stm32f0xx_hal_flash_ex.o
 .debug_abbrev  0x00000d42      0x24c Drivers\STM32F0xx_HAL_Driver\Src\stm32f0xx_hal_gpio.o
 .debug_abbrev  0x00000f8e      0x2a5 Drivers\STM32F0xx_HAL_Driver\Src\stm32f0xx_hal_i2c.o
 .debug_abbrev  0x00001233      0x21a Drivers\STM32F0xx_HAL_Driver\Src\stm32f0xx_hal_i2c_ex.o
 .debug_abbrev  0x0000144d      0x281 Drivers\STM32F0xx_HAL_Driver\Src\stm32f0xx_hal_rcc.o
 .debug_abbrev  0x000016ce      0x223 Drivers\STM32F0xx_HAL_Driver\Src\stm32f0xx_hal_rcc_ex.o
 .debug_abbrev  0x000018f1      0x2ab Drivers\STM32F0xx_HAL_Driver\Src\stm32f0xx_hal_tim.o
 .debug_abbrev  0x00001b9c      0x288 Drivers\STM32F0xx_HAL_Driver\Src\stm32f0xx_hal_tim_ex.o
 .debug_abbrev  0x00001e24      0x271 Drivers\STM32F0xx_HAL_Driver\Src\stm32f0xx_hal_uart.o
 .debug_abbrev  0x00002095      0x24e Drivers\STM32F0xx_HAL_Driver\Src\stm32f0xx_hal_uart_ex.o
 .debug_abbrev  0x000022e3      0x250 Src\MS5837-30BADriver.o
 .debug_abbrev  0x00002533      0x142 Src\command_messaging.o
 .debug_abbrev  0x00002675      0x34b Src\commands.o
 .debug_abbrev  0x000029c0       0x8c Src\crc16.o
 .debug_abbrev  0x00002a4c      0x19d Src\dma.o
 .debug_abbrev  0x00002be9      0x1c0 Src\gpio.o
 .debug_abbrev  0x00002da9      0x1eb Src\i2c.o
 .debug_abbrev  0x00002f94      0x2ce Src\main.o
 .debug_abbrev  0x00003262      0x284 Src\modbus.o
 .debug_abbrev  0x000034e6      0x28e Src\peripheral_drivers.o
 .debug_abbrev  0x00003774      0x241 Src\settings.o
 .debug_abbrev  0x000039b5      0x1be Src\stm32f0xx_hal_msp.o
 .debug_abbrev  0x00003b73      0x1ac Src\stm32f0xx_it.o
 .debug_abbrev  0x00003d1f      0x1ca Src\system_stm32f0xx.o
 .debug_abbrev  0x00003ee9      0x292 Src\tim.o
 .debug_abbrev  0x0000417b      0x210 Src\usart.o
 .debug_abbrev  0x0000438b       0x12 startup\startup_stm32f051x8.o

.debug_aranges  0x00000000     0x12a8
 .debug_aranges
                0x00000000       0xb8 Drivers\STM32F0xx_HAL_Driver\Src\stm32f0xx_hal.o
 .debug_aranges
                0x000000b8       0xc0 Drivers\STM32F0xx_HAL_Driver\Src\stm32f0xx_hal_cortex.o
 .debug_aranges
                0x00000178       0x88 Drivers\STM32F0xx_HAL_Driver\Src\stm32f0xx_hal_dma.o
 .debug_aranges
                0x00000200       0x88 Drivers\STM32F0xx_HAL_Driver\Src\stm32f0xx_hal_flash.o
 .debug_aranges
                0x00000288       0x98 Drivers\STM32F0xx_HAL_Driver\Src\stm32f0xx_hal_flash_ex.o
 .debug_aranges
                0x00000320       0x58 Drivers\STM32F0xx_HAL_Driver\Src\stm32f0xx_hal_gpio.o
 .debug_aranges
                0x00000378      0x260 Drivers\STM32F0xx_HAL_Driver\Src\stm32f0xx_hal_i2c.o
 .debug_aranges
                0x000005d8       0x48 Drivers\STM32F0xx_HAL_Driver\Src\stm32f0xx_hal_i2c_ex.o
 .debug_aranges
                0x00000620       0x80 Drivers\STM32F0xx_HAL_Driver\Src\stm32f0xx_hal_rcc.o
 .debug_aranges
                0x000006a0       0x30 Drivers\STM32F0xx_HAL_Driver\Src\stm32f0xx_hal_rcc_ex.o
 .debug_aranges
                0x000006d0      0x378 Drivers\STM32F0xx_HAL_Driver\Src\stm32f0xx_hal_tim.o
 .debug_aranges
                0x00000a48      0x148 Drivers\STM32F0xx_HAL_Driver\Src\stm32f0xx_hal_tim_ex.o
 .debug_aranges
                0x00000b90      0x1d8 Drivers\STM32F0xx_HAL_Driver\Src\stm32f0xx_hal_uart.o
 .debug_aranges
                0x00000d68       0x60 Drivers\STM32F0xx_HAL_Driver\Src\stm32f0xx_hal_uart_ex.o
 .debug_aranges
                0x00000dc8       0x50 Src\MS5837-30BADriver.o
 .debug_aranges
                0x00000e18       0x30 Src\command_messaging.o
 .debug_aranges
                0x00000e48       0xe0 Src\commands.o
 .debug_aranges
                0x00000f28       0x20 Src\crc16.o
 .debug_aranges
                0x00000f48       0x20 Src\dma.o
 .debug_aranges
                0x00000f68       0x20 Src\gpio.o
 .debug_aranges
                0x00000f88       0x30 Src\i2c.o
 .debug_aranges
                0x00000fb8       0x58 Src\main.o
 .debug_aranges
                0x00001010       0x48 Src\modbus.o
 .debug_aranges
                0x00001058       0x88 Src\peripheral_drivers.o
 .debug_aranges
                0x000010e0       0x38 Src\settings.o
 .debug_aranges
                0x00001118       0x20 Src\stm32f0xx_hal_msp.o
 .debug_aranges
                0x00001138       0x78 Src\stm32f0xx_it.o
 .debug_aranges
                0x000011b0       0x28 Src\system_stm32f0xx.o
 .debug_aranges
                0x000011d8       0x70 Src\tim.o
 .debug_aranges
                0x00001248       0x38 Src\usart.o
 .debug_aranges
                0x00001280       0x28 startup\startup_stm32f051x8.o

.debug_ranges   0x00000000     0x10c0
 .debug_ranges  0x00000000       0xa8 Drivers\STM32F0xx_HAL_Driver\Src\stm32f0xx_hal.o
 .debug_ranges  0x000000a8       0xb0 Drivers\STM32F0xx_HAL_Driver\Src\stm32f0xx_hal_cortex.o
 .debug_ranges  0x00000158       0x78 Drivers\STM32F0xx_HAL_Driver\Src\stm32f0xx_hal_dma.o
 .debug_ranges  0x000001d0       0x78 Drivers\STM32F0xx_HAL_Driver\Src\stm32f0xx_hal_flash.o
 .debug_ranges  0x00000248       0x88 Drivers\STM32F0xx_HAL_Driver\Src\stm32f0xx_hal_flash_ex.o
 .debug_ranges  0x000002d0       0x48 Drivers\STM32F0xx_HAL_Driver\Src\stm32f0xx_hal_gpio.o
 .debug_ranges  0x00000318      0x250 Drivers\STM32F0xx_HAL_Driver\Src\stm32f0xx_hal_i2c.o
 .debug_ranges  0x00000568       0x38 Drivers\STM32F0xx_HAL_Driver\Src\stm32f0xx_hal_i2c_ex.o
 .debug_ranges  0x000005a0       0x70 Drivers\STM32F0xx_HAL_Driver\Src\stm32f0xx_hal_rcc.o
 .debug_ranges  0x00000610       0x20 Drivers\STM32F0xx_HAL_Driver\Src\stm32f0xx_hal_rcc_ex.o
 .debug_ranges  0x00000630      0x368 Drivers\STM32F0xx_HAL_Driver\Src\stm32f0xx_hal_tim.o
 .debug_ranges  0x00000998      0x138 Drivers\STM32F0xx_HAL_Driver\Src\stm32f0xx_hal_tim_ex.o
 .debug_ranges  0x00000ad0      0x1c8 Drivers\STM32F0xx_HAL_Driver\Src\stm32f0xx_hal_uart.o
 .debug_ranges  0x00000c98       0x50 Drivers\STM32F0xx_HAL_Driver\Src\stm32f0xx_hal_uart_ex.o
 .debug_ranges  0x00000ce8       0x40 Src\MS5837-30BADriver.o
 .debug_ranges  0x00000d28       0x20 Src\command_messaging.o
 .debug_ranges  0x00000d48       0xd0 Src\commands.o
 .debug_ranges  0x00000e18       0x10 Src\crc16.o
 .debug_ranges  0x00000e28       0x10 Src\dma.o
 .debug_ranges  0x00000e38       0x10 Src\gpio.o
 .debug_ranges  0x00000e48       0x20 Src\i2c.o
 .debug_ranges  0x00000e68       0x48 Src\main.o
 .debug_ranges  0x00000eb0       0x38 Src\modbus.o
 .debug_ranges  0x00000ee8       0x78 Src\peripheral_drivers.o
 .debug_ranges  0x00000f60       0x28 Src\settings.o
 .debug_ranges  0x00000f88       0x10 Src\stm32f0xx_hal_msp.o
 .debug_ranges  0x00000f98       0x68 Src\stm32f0xx_it.o
 .debug_ranges  0x00001000       0x18 Src\system_stm32f0xx.o
 .debug_ranges  0x00001018       0x60 Src\tim.o
 .debug_ranges  0x00001078       0x28 Src\usart.o
 .debug_ranges  0x000010a0       0x20 startup\startup_stm32f051x8.o

.debug_line     0x00000000     0x9675
 .debug_line    0x00000000      0x3ca Drivers\STM32F0xx_HAL_Driver\Src\stm32f0xx_hal.o
 .debug_line    0x000003ca      0x3f0 Drivers\STM32F0xx_HAL_Driver\Src\stm32f0xx_hal_cortex.o
 .debug_line    0x000007ba      0x465 Drivers\STM32F0xx_HAL_Driver\Src\stm32f0xx_hal_dma.o
 .debug_line    0x00000c1f      0x416 Drivers\STM32F0xx_HAL_Driver\Src\stm32f0xx_hal_flash.o
 .debug_line    0x00001035      0x47b Drivers\STM32F0xx_HAL_Driver\Src\stm32f0xx_hal_flash_ex.o
 .debug_line    0x000014b0      0x3d0 Drivers\STM32F0xx_HAL_Driver\Src\stm32f0xx_hal_gpio.o
 .debug_line    0x00001880     0x131b Drivers\STM32F0xx_HAL_Driver\Src\stm32f0xx_hal_i2c.o
 .debug_line    0x00002b9b      0x3a2 Drivers\STM32F0xx_HAL_Driver\Src\stm32f0xx_hal_i2c_ex.o
 .debug_line    0x00002f3d      0x4c2 Drivers\STM32F0xx_HAL_Driver\Src\stm32f0xx_hal_rcc.o
 .debug_line    0x000033ff      0x34c Drivers\STM32F0xx_HAL_Driver\Src\stm32f0xx_hal_rcc_ex.o
 .debug_line    0x0000374b     0x153f Drivers\STM32F0xx_HAL_Driver\Src\stm32f0xx_hal_tim.o
 .debug_line    0x00004c8a      0x8e2 Drivers\STM32F0xx_HAL_Driver\Src\stm32f0xx_hal_tim_ex.o
 .debug_line    0x0000556c      0xbd6 Drivers\STM32F0xx_HAL_Driver\Src\stm32f0xx_hal_uart.o
 .debug_line    0x00006142      0x3f2 Drivers\STM32F0xx_HAL_Driver\Src\stm32f0xx_hal_uart_ex.o
 .debug_line    0x00006534      0x3d1 Src\MS5837-30BADriver.o
 .debug_line    0x00006905      0x198 Src\command_messaging.o
 .debug_line    0x00006a9d      0x602 Src\commands.o
 .debug_line    0x0000709f      0x106 Src\crc16.o
 .debug_line    0x000071a5      0x1d5 Src\dma.o
 .debug_line    0x0000737a      0x23c Src\gpio.o
 .debug_line    0x000075b6      0x2a3 Src\i2c.o
 .debug_line    0x00007859      0x460 Src\main.o
 .debug_line    0x00007cb9      0x32b Src\modbus.o
 .debug_line    0x00007fe4      0x51b Src\peripheral_drivers.o
 .debug_line    0x000084ff      0x2de Src\settings.o
 .debug_line    0x000087dd      0x1e6 Src\stm32f0xx_hal_msp.o
 .debug_line    0x000089c3      0x32b Src\stm32f0xx_it.o
 .debug_line    0x00008cee      0x216 Src\system_stm32f0xx.o
 .debug_line    0x00008f04      0x3e7 Src\tim.o
 .debug_line    0x000092eb      0x307 Src\usart.o
 .debug_line    0x000095f2       0x83 startup\startup_stm32f051x8.o

.debug_str      0x00000000     0x56b8
 .debug_str     0x00000000      0x998 Drivers\STM32F0xx_HAL_Driver\Src\stm32f0xx_hal.o
                                0xa25 (size before relaxing)
 .debug_str     0x00000998      0x220 Drivers\STM32F0xx_HAL_Driver\Src\stm32f0xx_hal_cortex.o
                                0xa69 (size before relaxing)
 .debug_str     0x00000bb8      0x3d5 Drivers\STM32F0xx_HAL_Driver\Src\stm32f0xx_hal_dma.o
                                0xa5f (size before relaxing)
 .debug_str     0x00000f8d      0x291 Drivers\STM32F0xx_HAL_Driver\Src\stm32f0xx_hal_flash.o
                                0x942 (size before relaxing)
 .debug_str     0x0000121e      0x2a2 Drivers\STM32F0xx_HAL_Driver\Src\stm32f0xx_hal_flash_ex.o
                                0xa3f (size before relaxing)
 .debug_str     0x000014c0      0x1b6 Drivers\STM32F0xx_HAL_Driver\Src\stm32f0xx_hal_gpio.o
                                0x85c (size before relaxing)
 .debug_str     0x00001676      0xa30 Drivers\STM32F0xx_HAL_Driver\Src\stm32f0xx_hal_i2c.o
                               0x1291 (size before relaxing)
 .debug_str     0x000020a6       0xf3 Drivers\STM32F0xx_HAL_Driver\Src\stm32f0xx_hal_i2c_ex.o
                                0xc25 (size before relaxing)
 .debug_str     0x00002199      0x2e9 Drivers\STM32F0xx_HAL_Driver\Src\stm32f0xx_hal_rcc.o
                                0xa0e (size before relaxing)
 .debug_str     0x00002482      0x139 Drivers\STM32F0xx_HAL_Driver\Src\stm32f0xx_hal_rcc_ex.o
                                0x7d5 (size before relaxing)
 .debug_str     0x000025bb      0xf10 Drivers\STM32F0xx_HAL_Driver\Src\stm32f0xx_hal_tim.o
                               0x1782 (size before relaxing)
 .debug_str     0x000034cb      0x543 Drivers\STM32F0xx_HAL_Driver\Src\stm32f0xx_hal_tim_ex.o
                               0x1097 (size before relaxing)
 .debug_str     0x00003a0e      0x847 Drivers\STM32F0xx_HAL_Driver\Src\stm32f0xx_hal_uart.o
                               0x1141 (size before relaxing)
 .debug_str     0x00004255      0x191 Drivers\STM32F0xx_HAL_Driver\Src\stm32f0xx_hal_uart_ex.o
                                0xc3d (size before relaxing)
 .debug_str     0x000043e6      0x2a9 Src\MS5837-30BADriver.o
                                0xd7c (size before relaxing)
 .debug_str     0x0000468f      0x258 Src\command_messaging.o
                                0x439 (size before relaxing)
 .debug_str     0x000048e7      0x498 Src\commands.o
                               0x133a (size before relaxing)
 .debug_str     0x00004d7f       0x42 Src\crc16.o
                                0x1d0 (size before relaxing)
 .debug_str     0x00004dc1       0x19 Src\dma.o
                                0x648 (size before relaxing)
 .debug_str     0x00004dda       0x2b Src\gpio.o
                                0x6e7 (size before relaxing)
 .debug_str     0x00004e05       0x24 Src\i2c.o
                                0xba1 (size before relaxing)
 .debug_str     0x00004e29      0x177 Src\main.o
                               0x1691 (size before relaxing)
 .debug_str     0x00004fa0       0xf2 Src\modbus.o
                                0xf9c (size before relaxing)
 .debug_str     0x00005092      0x2bf Src\peripheral_drivers.o
                               0x1377 (size before relaxing)
 .debug_str     0x00005351       0xc3 Src\settings.o
                                0xe58 (size before relaxing)
 .debug_str     0x00005414       0x1b Src\stm32f0xx_hal_msp.o
                                0x809 (size before relaxing)
 .debug_str     0x0000542f      0x14b Src\stm32f0xx_it.o
                                0xd8f (size before relaxing)
 .debug_str     0x0000557a       0x5a Src\system_stm32f0xx.o
                                0x682 (size before relaxing)
 .debug_str     0x000055d4       0xa2 Src\tim.o
                                0xe63 (size before relaxing)
 .debug_str     0x00005676       0x42 Src\usart.o
                                0xd8c (size before relaxing)

.comment        0x00000000       0x7c
 .comment       0x00000000       0x7c Drivers\STM32F0xx_HAL_Driver\Src\stm32f0xx_hal.o
                                 0x7d (size before relaxing)
 .comment       0x0000007c       0x7d Drivers\STM32F0xx_HAL_Driver\Src\stm32f0xx_hal_cortex.o
 .comment       0x0000007c       0x7d Drivers\STM32F0xx_HAL_Driver\Src\stm32f0xx_hal_dma.o
 .comment       0x0000007c       0x7d Drivers\STM32F0xx_HAL_Driver\Src\stm32f0xx_hal_flash.o
 .comment       0x0000007c       0x7d Drivers\STM32F0xx_HAL_Driver\Src\stm32f0xx_hal_flash_ex.o
 .comment       0x0000007c       0x7d Drivers\STM32F0xx_HAL_Driver\Src\stm32f0xx_hal_gpio.o
 .comment       0x0000007c       0x7d Drivers\STM32F0xx_HAL_Driver\Src\stm32f0xx_hal_i2c.o
 .comment       0x0000007c       0x7d Drivers\STM32F0xx_HAL_Driver\Src\stm32f0xx_hal_i2c_ex.o
 .comment       0x0000007c       0x7d Drivers\STM32F0xx_HAL_Driver\Src\stm32f0xx_hal_rcc.o
 .comment       0x0000007c       0x7d Drivers\STM32F0xx_HAL_Driver\Src\stm32f0xx_hal_rcc_ex.o
 .comment       0x0000007c       0x7d Drivers\STM32F0xx_HAL_Driver\Src\stm32f0xx_hal_tim.o
 .comment       0x0000007c       0x7d Drivers\STM32F0xx_HAL_Driver\Src\stm32f0xx_hal_tim_ex.o
 .comment       0x0000007c       0x7d Drivers\STM32F0xx_HAL_Driver\Src\stm32f0xx_hal_uart.o
 .comment       0x0000007c       0x7d Drivers\STM32F0xx_HAL_Driver\Src\stm32f0xx_hal_uart_ex.o
 .comment       0x0000007c       0x7d Src\MS5837-30BADriver.o
 .comment       0x0000007c       0x7d Src\command_messaging.o
 .comment       0x0000007c       0x7d Src\commands.o
 .comment       0x0000007c       0x7d Src\crc16.o
 .comment       0x0000007c       0x7d Src\dma.o
 .comment       0x0000007c       0x7d Src\gpio.o
 .comment       0x0000007c       0x7d Src\i2c.o
 .comment       0x0000007c       0x7d Src\main.o
 .comment       0x0000007c       0x7d Src\modbus.o
 .comment       0x0000007c       0x7d Src\peripheral_drivers.o
 .comment       0x0000007c       0x7d Src\settings.o
 .comment       0x0000007c       0x7d Src\stm32f0xx_hal_msp.o
 .comment       0x0000007c       0x7d Src\stm32f0xx_it.o
 .comment       0x0000007c       0x7d Src\system_stm32f0xx.o
 .comment       0x0000007c       0x7d Src\tim.o
 .comment       0x0000007c       0x7d Src\usart.o

.debug_frame    0x00000000     0x454c
 .debug_frame   0x00000000      0x248 Drivers\STM32F0xx_HAL_Driver\Src\stm32f0xx_hal.o
 .debug_frame   0x00000248      0x2a4 Drivers\STM32F0xx_HAL_Driver\Src\stm32f0xx_hal_cortex.o
 .debug_frame   0x000004ec      0x1d0 Drivers\STM32F0xx_HAL_Driver\Src\stm32f0xx_hal_dma.o
 .debug_frame   0x000006bc      0x1c0 Drivers\STM32F0xx_HAL_Driver\Src\stm32f0xx_hal_flash.o
 .debug_frame   0x0000087c      0x204 Drivers\STM32F0xx_HAL_Driver\Src\stm32f0xx_hal_flash_ex.o
 .debug_frame   0x00000a80      0x110 Drivers\STM32F0xx_HAL_Driver\Src\stm32f0xx_hal_gpio.o
 .debug_frame   0x00000b90      0x930 Drivers\STM32F0xx_HAL_Driver\Src\stm32f0xx_hal_i2c.o
 .debug_frame   0x000014c0       0xd0 Drivers\STM32F0xx_HAL_Driver\Src\stm32f0xx_hal_i2c_ex.o
 .debug_frame   0x00001590      0x194 Drivers\STM32F0xx_HAL_Driver\Src\stm32f0xx_hal_rcc.o
 .debug_frame   0x00001724       0x70 Drivers\STM32F0xx_HAL_Driver\Src\stm32f0xx_hal_rcc_ex.o
 .debug_frame   0x00001794      0xd90 Drivers\STM32F0xx_HAL_Driver\Src\stm32f0xx_hal_tim.o
 .debug_frame   0x00002524      0x4d0 Drivers\STM32F0xx_HAL_Driver\Src\stm32f0xx_hal_tim_ex.o
 .debug_frame   0x000029f4      0x710 Drivers\STM32F0xx_HAL_Driver\Src\stm32f0xx_hal_uart.o
 .debug_frame   0x00003104      0x130 Drivers\STM32F0xx_HAL_Driver\Src\stm32f0xx_hal_uart_ex.o
 .debug_frame   0x00003234       0xf4 Src\MS5837-30BADriver.o
 .debug_frame   0x00003328       0x70 Src\command_messaging.o
 .debug_frame   0x00003398      0x328 Src\commands.o
 .debug_frame   0x000036c0       0x30 Src\crc16.o
 .debug_frame   0x000036f0       0x30 Src\dma.o
 .debug_frame   0x00003720       0x30 Src\gpio.o
 .debug_frame   0x00003750       0x6c Src\i2c.o
 .debug_frame   0x000037bc      0x108 Src\main.o
 .debug_frame   0x000038c4       0xd0 Src\modbus.o
 .debug_frame   0x00003994      0x1dc Src\peripheral_drivers.o
 .debug_frame   0x00003b70       0x8c Src\settings.o
 .debug_frame   0x00003bfc       0x30 Src\stm32f0xx_hal_msp.o
 .debug_frame   0x00003c2c      0x160 Src\stm32f0xx_it.o
 .debug_frame   0x00003d8c       0x4c Src\system_stm32f0xx.o
 .debug_frame   0x00003dd8      0x168 Src\tim.o
 .debug_frame   0x00003f40       0x88 Src\usart.o
 .debug_frame   0x00003fc8       0x2c d:/programs/truestudio for stm32 9.0.0/armtools/bin/../lib/gcc/arm-atollic-eabi/6.3.1/../../../../arm-atollic-eabi/lib/armv6-m\libc_nano.a(lib_a-init.o)
 .debug_frame   0x00003ff4       0x28 d:/programs/truestudio for stm32 9.0.0/armtools/bin/../lib/gcc/arm-atollic-eabi/6.3.1/../../../../arm-atollic-eabi/lib/armv6-m\libc_nano.a(lib_a-memcpy-stub.o)
 .debug_frame   0x0000401c       0x20 d:/programs/truestudio for stm32 9.0.0/armtools/bin/../lib/gcc/arm-atollic-eabi/6.3.1/../../../../arm-atollic-eabi/lib/armv6-m\libc_nano.a(lib_a-memset.o)
 .debug_frame   0x0000403c       0x2c d:/programs/truestudio for stm32 9.0.0/armtools/bin/../lib/gcc/arm-atollic-eabi/6.3.1/../../../../arm-atollic-eabi/lib/armv6-m\libm.a(lib_a-s_round.o)
 .debug_frame   0x00004068       0x20 d:/programs/truestudio for stm32 9.0.0/armtools/bin/../lib/gcc/arm-atollic-eabi/6.3.1/armv6-m\libgcc.a(_udivsi3.o)
 .debug_frame   0x00004088       0x34 d:/programs/truestudio for stm32 9.0.0/armtools/bin/../lib/gcc/arm-atollic-eabi/6.3.1/armv6-m\libgcc.a(_muldi3.o)
 .debug_frame   0x000040bc       0x2c d:/programs/truestudio for stm32 9.0.0/armtools/bin/../lib/gcc/arm-atollic-eabi/6.3.1/armv6-m\libgcc.a(_fixunsdfsi.o)
 .debug_frame   0x000040e8       0x28 d:/programs/truestudio for stm32 9.0.0/armtools/bin/../lib/gcc/arm-atollic-eabi/6.3.1/armv6-m\libgcc.a(_fixsfdi.o)
 .debug_frame   0x00004110       0x2c d:/programs/truestudio for stm32 9.0.0/armtools/bin/../lib/gcc/arm-atollic-eabi/6.3.1/armv6-m\libgcc.a(_fixunssfdi.o)
 .debug_frame   0x0000413c       0x2c d:/programs/truestudio for stm32 9.0.0/armtools/bin/../lib/gcc/arm-atollic-eabi/6.3.1/armv6-m\libgcc.a(_floatdisf.o)
 .debug_frame   0x00004168       0x3c d:/programs/truestudio for stm32 9.0.0/armtools/bin/../lib/gcc/arm-atollic-eabi/6.3.1/armv6-m\libgcc.a(divsf3.o)
 .debug_frame   0x000041a4       0x3c d:/programs/truestudio for stm32 9.0.0/armtools/bin/../lib/gcc/arm-atollic-eabi/6.3.1/armv6-m\libgcc.a(mulsf3.o)
 .debug_frame   0x000041e0       0x38 d:/programs/truestudio for stm32 9.0.0/armtools/bin/../lib/gcc/arm-atollic-eabi/6.3.1/armv6-m\libgcc.a(subsf3.o)
 .debug_frame   0x00004218       0x20 d:/programs/truestudio for stm32 9.0.0/armtools/bin/../lib/gcc/arm-atollic-eabi/6.3.1/armv6-m\libgcc.a(fixsfsi.o)
 .debug_frame   0x00004238       0x2c d:/programs/truestudio for stm32 9.0.0/armtools/bin/../lib/gcc/arm-atollic-eabi/6.3.1/armv6-m\libgcc.a(floatsisf.o)
 .debug_frame   0x00004264       0x28 d:/programs/truestudio for stm32 9.0.0/armtools/bin/../lib/gcc/arm-atollic-eabi/6.3.1/armv6-m\libgcc.a(floatunsisf.o)
 .debug_frame   0x0000428c       0x3c d:/programs/truestudio for stm32 9.0.0/armtools/bin/../lib/gcc/arm-atollic-eabi/6.3.1/armv6-m\libgcc.a(adddf3.o)
 .debug_frame   0x000042c8       0x38 d:/programs/truestudio for stm32 9.0.0/armtools/bin/../lib/gcc/arm-atollic-eabi/6.3.1/armv6-m\libgcc.a(eqdf2.o)
 .debug_frame   0x00004300       0x38 d:/programs/truestudio for stm32 9.0.0/armtools/bin/../lib/gcc/arm-atollic-eabi/6.3.1/armv6-m\libgcc.a(gedf2.o)
 .debug_frame   0x00004338       0x38 d:/programs/truestudio for stm32 9.0.0/armtools/bin/../lib/gcc/arm-atollic-eabi/6.3.1/armv6-m\libgcc.a(ledf2.o)
 .debug_frame   0x00004370       0x3c d:/programs/truestudio for stm32 9.0.0/armtools/bin/../lib/gcc/arm-atollic-eabi/6.3.1/armv6-m\libgcc.a(muldf3.o)
 .debug_frame   0x000043ac       0x38 d:/programs/truestudio for stm32 9.0.0/armtools/bin/../lib/gcc/arm-atollic-eabi/6.3.1/armv6-m\libgcc.a(subdf3.o)
 .debug_frame   0x000043e4       0x2c d:/programs/truestudio for stm32 9.0.0/armtools/bin/../lib/gcc/arm-atollic-eabi/6.3.1/armv6-m\libgcc.a(fixdfsi.o)
 .debug_frame   0x00004410       0x2c d:/programs/truestudio for stm32 9.0.0/armtools/bin/../lib/gcc/arm-atollic-eabi/6.3.1/armv6-m\libgcc.a(floatsidf.o)
 .debug_frame   0x0000443c       0x28 d:/programs/truestudio for stm32 9.0.0/armtools/bin/../lib/gcc/arm-atollic-eabi/6.3.1/armv6-m\libgcc.a(floatunsidf.o)
 .debug_frame   0x00004464       0x2c d:/programs/truestudio for stm32 9.0.0/armtools/bin/../lib/gcc/arm-atollic-eabi/6.3.1/armv6-m\libgcc.a(extendsfdf2.o)
 .debug_frame   0x00004490       0x30 d:/programs/truestudio for stm32 9.0.0/armtools/bin/../lib/gcc/arm-atollic-eabi/6.3.1/armv6-m\libgcc.a(truncdfsf2.o)
 .debug_frame   0x000044c0       0x2c d:/programs/truestudio for stm32 9.0.0/armtools/bin/../lib/gcc/arm-atollic-eabi/6.3.1/armv6-m\libgcc.a(eqsf2.o)
 .debug_frame   0x000044ec       0x30 d:/programs/truestudio for stm32 9.0.0/armtools/bin/../lib/gcc/arm-atollic-eabi/6.3.1/armv6-m\libgcc.a(gesf2.o)
 .debug_frame   0x0000451c       0x30 d:/programs/truestudio for stm32 9.0.0/armtools/bin/../lib/gcc/arm-atollic-eabi/6.3.1/armv6-m\libgcc.a(lesf2.o)
