commands.c:23:6:SaveDeviceConfig	64	static
commands.c:69:6:LoadDeviceConfig	12	static
commands.c:85:6:ResetDeviceConfig	8	static
commands.c:96:9:C_R_Ping	24	static
commands.c:105:9:C_W_ChangeSlaveId	32	static
commands.c:129:9:C_W_SaveDeviceConfiguration	16	static
commands.c:140:9:C_W_ResetDeviceConfiguration	16	static
commands.c:151:9:C_W_LoadDeviceConfiguration	16	static
commands.c:162:9:C_R_InitializeBESCDevice	24	static
commands.c:179:9:C_R_InitializeLEDDevice	24	static
commands.c:196:9:C_R_InitializeBCSDevice	56	static
commands.c:228:9:C_W_BESCChangeSpeed	24	static
commands.c:246:9:C_W_LEDChangeBrightness	24	static
commands.c:264:9:C_W_BCS_ChangeSpeed	24	static
commands.c:282:9:C_W_BCS_Move	24	static
commands.c:299:9:C_W_BCS_Stop	24	static
commands.c:316:9:C_W_BCS_MoveToEnd	24	static
commands.c:334:9:C_R_MS5837_CheckConnection	40	static
commands.c:343:9:C_R_MS5837_ReadTemp	32	static
commands.c:360:9:C_R_MS5837_ReadTempAndPress	48	static
commands.c:380:9:C_R_MS5837_ReadPress	48	static
commands.c:400:6:InitializeCommands	8	static
