core_cm0.h:730:22:NVIC_SystemReset	8	static
commands.c:23:6:SaveDeviceConfig	64	static
commands.c:69:9:LoadDeviceConfig	12	static
commands.c:87:6:ResetDeviceConfig	8	static
commands.c:97:6:SetDeviceConfiguration	16	static
commands.c:111:9:C_R_Ping	24	static
commands.c:120:9:C_W_ChangeBaudRate	24	static
commands.c:136:9:C_W_Reset	16	static
commands.c:144:9:C_W_ChangeSlaveId	32	static
commands.c:168:9:C_W_SaveDeviceConfiguration	16	static
commands.c:179:9:C_W_ResetDeviceConfiguration	16	static
commands.c:190:9:C_R_InitializeBESCDevice	24	static
commands.c:207:9:C_R_InitializeLEDDevice	24	static
commands.c:224:9:C_R_InitializeBCSDevice	56	static
commands.c:256:9:C_W_BESCChangeSpeed	24	static
commands.c:274:9:C_W_LEDChangeBrightness	24	static
commands.c:292:9:C_W_BCS_ChangeSpeed	24	static
commands.c:310:9:C_W_BCS_Move	24	static
commands.c:327:9:C_W_BCS_Stop	24	static
commands.c:344:9:C_W_BCS_MoveToEnd	24	static
commands.c:362:9:C_R_MS5837_CheckConnection	40	static
commands.c:371:9:C_R_MS5837_ReadTemp	32	static
commands.c:388:9:C_R_MS5837_ReadTempAndPress	48	static
commands.c:408:9:C_R_MS5837_ReadPress	48	static
commands.c:428:6:InitializeCommands	8	static
