core_cm0.h:730:22:NVIC_SystemReset	8	static
commands.c:23:6:SaveDeviceConfig	64	static
commands.c:69:9:LoadDeviceConfig	12	static
commands.c:87:6:ResetDeviceConfig	8	static
commands.c:97:6:SetDeviceConfiguration	16	static
commands.c:111:9:C_R_Ping	24	static
commands.c:120:9:C_W_Reset	16	static
commands.c:128:9:C_W_ChangeSlaveId	32	static
commands.c:152:9:C_W_SaveDeviceConfiguration	16	static
commands.c:163:9:C_W_ResetDeviceConfiguration	16	static
commands.c:174:9:C_R_InitializeBESCDevice	24	static
commands.c:191:9:C_R_InitializeLEDDevice	24	static
commands.c:208:9:C_R_InitializeBCSDevice	56	static
commands.c:240:9:C_W_BESCChangeSpeed	24	static
commands.c:258:9:C_W_LEDChangeBrightness	24	static
commands.c:276:9:C_W_BCS_ChangeSpeed	24	static
commands.c:294:9:C_W_BCS_Move	24	static
commands.c:311:9:C_W_BCS_Stop	24	static
commands.c:328:9:C_W_BCS_MoveToEnd	24	static
commands.c:346:9:C_R_MS5837_CheckConnection	40	static
commands.c:355:9:C_R_MS5837_ReadTemp	32	static
commands.c:372:9:C_R_MS5837_ReadTempAndPress	48	static
commands.c:392:9:C_R_MS5837_ReadPress	48	static
commands.c:412:6:InitializeCommands	8	static
