peripheral_drivers.c:53:6:InitializeDriversWorker	8	static
peripheral_drivers.c:64:9:ChangeUSARTBaudRate	16	static
peripheral_drivers.c:80:9:ReinitializeBESCDriver	32	static
peripheral_drivers.c:91:9:ReinitializeBCSDriver	72	static
peripheral_drivers.c:127:9:ReinitializeLEDDriver	24	static
peripheral_drivers.c:137:9:InitializeBESCDriver	32	static
peripheral_drivers.c:156:9:InitializeLEDDriver	24	static
peripheral_drivers.c:174:9:InitializeBCSDriver	88	static
peripheral_drivers.c:229:9:BESCDriverChangeSpeed	48	static
peripheral_drivers.c:244:9:LEDDriverChangeBrightness	32	static
peripheral_drivers.c:257:9:BCSDriverChangeSpeed	48	static
peripheral_drivers.c:274:9:BCSDriverMove	32	static
peripheral_drivers.c:326:9:BCSDriverStop	16	static
peripheral_drivers.c:336:9:BCSDriverMoveToEnd	24	static
